Archive member included to satisfy reference by file (symbol)

app/libapp.a(main.c.obj)      (--whole-archive)
zephyr/libzephyr.a(heap.c.obj)
                              (--whole-archive)
zephyr/libzephyr.a(cbprintf_packaged.c.obj)
                              (--whole-archive)
zephyr/libzephyr.a(printk.c.obj)
                              (--whole-archive)
zephyr/libzephyr.a(sem.c.obj)
                              (--whole-archive)
zephyr/libzephyr.a(thread_entry.c.obj)
                              (--whole-archive)
zephyr/libzephyr.a(cbprintf_complete.c.obj)
                              (--whole-archive)
zephyr/libzephyr.a(assert.c.obj)
                              (--whole-archive)
zephyr/libzephyr.a(mpsc_pbuf.c.obj)
                              (--whole-archive)
zephyr/libzephyr.a(dec.c.obj)
                              (--whole-archive)
zephyr/libzephyr.a(hex.c.obj)
                              (--whole-archive)
zephyr/libzephyr.a(rb.c.obj)  (--whole-archive)
zephyr/libzephyr.a(timeutil.c.obj)
                              (--whole-archive)
zephyr/libzephyr.a(bitarray.c.obj)
                              (--whole-archive)
zephyr/libzephyr.a(onoff.c.obj)
                              (--whole-archive)
zephyr/libzephyr.a(notify.c.obj)
                              (--whole-archive)
zephyr/libzephyr.a(last_section_id.c.obj)
                              (--whole-archive)
zephyr/libzephyr.a(configs.c.obj)
                              (--whole-archive)
zephyr/libzephyr.a(thread_info.c.obj)
                              (--whole-archive)
zephyr/libzephyr.a(log_core.c.obj)
                              (--whole-archive)
zephyr/libzephyr.a(log_mgmt.c.obj)
                              (--whole-archive)
zephyr/libzephyr.a(log_cache.c.obj)
                              (--whole-archive)
zephyr/libzephyr.a(log_msg.c.obj)
                              (--whole-archive)
zephyr/libzephyr.a(log_output.c.obj)
                              (--whole-archive)
zephyr/libzephyr.a(log_backend_rtt.c.obj)
                              (--whole-archive)
zephyr/libzephyr.a(mem_attr.c.obj)
                              (--whole-archive)
zephyr/libzephyr.a(tracing_none.c.obj)
                              (--whole-archive)
zephyr/libzephyr.a(banner.c.obj)
                              (--whole-archive)
zephyr/libzephyr.a(flash_map_partition_manager.c.obj)
                              (--whole-archive)
zephyr/libzephyr.a(nrf_cc3xx_platform_abort_zephyr.c.obj)
                              (--whole-archive)
zephyr/libzephyr.a(nrf_cc3xx_platform_mutex_zephyr.c.obj)
                              (--whole-archive)
zephyr/arch/common/libarch__common.a(sw_isr_common.c.obj)
                              (--whole-archive)
zephyr/arch/arch/arm/core/libarch__arm__core.a(fatal.c.obj)
                              (--whole-archive)
zephyr/arch/arch/arm/core/libarch__arm__core.a(nmi.c.obj)
                              (--whole-archive)
zephyr/arch/arch/arm/core/libarch__arm__core.a(nmi_on_reset.S.obj)
                              (--whole-archive)
zephyr/arch/arch/arm/core/libarch__arm__core.a(tls.c.obj)
                              (--whole-archive)
zephyr/arch/arch/arm/core/cortex_m/libarch__arm__core__cortex_m.a(exc_exit.c.obj)
                              (--whole-archive)
zephyr/arch/arch/arm/core/cortex_m/libarch__arm__core__cortex_m.a(fault.c.obj)
                              (--whole-archive)
zephyr/arch/arch/arm/core/cortex_m/libarch__arm__core__cortex_m.a(fault_s.S.obj)
                              (--whole-archive)
zephyr/arch/arch/arm/core/cortex_m/libarch__arm__core__cortex_m.a(fpu.c.obj)
                              (--whole-archive)
zephyr/arch/arch/arm/core/cortex_m/libarch__arm__core__cortex_m.a(reset.S.obj)
                              (--whole-archive)
zephyr/arch/arch/arm/core/cortex_m/libarch__arm__core__cortex_m.a(scb.c.obj)
                              (--whole-archive)
zephyr/arch/arch/arm/core/cortex_m/libarch__arm__core__cortex_m.a(thread_abort.c.obj)
                              (--whole-archive)
zephyr/arch/arch/arm/core/cortex_m/libarch__arm__core__cortex_m.a(vector_table.S.obj)
                              (--whole-archive)
zephyr/arch/arch/arm/core/cortex_m/libarch__arm__core__cortex_m.a(swap_helper.S.obj)
                              (--whole-archive)
zephyr/arch/arch/arm/core/cortex_m/libarch__arm__core__cortex_m.a(irq_manage.c.obj)
                              (--whole-archive)
zephyr/arch/arch/arm/core/cortex_m/libarch__arm__core__cortex_m.a(prep_c.c.obj)
                              (--whole-archive)
zephyr/arch/arch/arm/core/cortex_m/libarch__arm__core__cortex_m.a(thread.c.obj)
                              (--whole-archive)
zephyr/arch/arch/arm/core/cortex_m/libarch__arm__core__cortex_m.a(cpu_idle.c.obj)
                              (--whole-archive)
zephyr/arch/arch/arm/core/cortex_m/libarch__arm__core__cortex_m.a(irq_init.c.obj)
                              (--whole-archive)
[...]
Memory Configuration

Name             Origin             Length             Attributes
FLASH            0x0000000000000000 0x0000000000100000 xr
RAM              0x0000000020000000 0x0000000000040000 xw
IDT_LIST         0x00000000ffff7fff 0x0000000000008000 xw
*default*        0x0000000000000000 0xffffffffffffffff

Linker script and memory map

                0x0000000000007ad8                vfprintf = __l_vfprintf
                0x0000000000000000                vfscanf = __l_vfscanf
LOAD zephyr/CMakeFiles/zephyr_pre0.dir/misc/empty_file.c.obj
LOAD zephyr/CMakeFiles/offsets.dir/./arch/arm/core/offsets/offsets.c.obj
LOAD app/libapp.a
LOAD zephyr/libzephyr.a
LOAD zephyr/arch/common/libarch__common.a
LOAD zephyr/arch/arch/arm/core/libarch__arm__core.a
LOAD zephyr/arch/arch/arm/core/cortex_m/libarch__arm__core__cortex_m.a
LOAD zephyr/arch/arch/arm/core/mpu/libarch__arm__core__mpu.a
LOAD zephyr/lib/libc/picolibc/liblib__libc__picolibc.a
LOAD zephyr/lib/libc/common/liblib__libc__common.a
LOAD zephyr/soc/soc/nrf52840/libsoc__nordic.a
LOAD zephyr/drivers/adc/libdrivers__adc.a
LOAD zephyr/drivers/clock_control/libdrivers__clock_control.a
LOAD zephyr/drivers/console/libdrivers__console.a
LOAD zephyr/drivers/gpio/libdrivers__gpio.a
LOAD zephyr/drivers/pinctrl/libdrivers__pinctrl.a
LOAD zephyr/drivers/sensor/nordic/temp/libdrivers__sensor__nordic__temp.a
LOAD zephyr/drivers/spi/libdrivers__spi.a
LOAD zephyr/drivers/timer/libdrivers__timer.a
LOAD modules/nrf/drivers/hw_cc3xx/lib..__nrf__drivers__hw_cc3xx.a
LOAD modules/hal_nordic/modules/hal_nordic/nrfx/libmodules__hal_nordic__nrfx.a
LOAD modules/segger/libmodules__segger.a
LOAD zephyr/kernel/libkernel.a
LOAD zephyr/arch/common/libisr_tables.a
LOAD /opt/nordic/ncs/v3.0.2/nrfxlib/crypto/nrf_cc310_platform/lib/cortex-m4/soft-float/no-interrupts/libnrf_cc310_platform_0.9.19.a
LOAD /opt/nordic/ncs/toolchains/b8efef2ad5/opt/zephyr-sdk/arm-zephyr-eabi/bin/../lib/gcc/../../picolibc/arm-zephyr-eabi/lib/thumb/v7e-m/nofp/libc.a
LOAD /opt/nordic/ncs/toolchains/b8efef2ad5/opt/zephyr-sdk/arm-zephyr-eabi/bin/../lib/gcc/arm-zephyr-eabi/12.2.0/thumb/v7e-m/nofp/libgcc.a
                0x0000000000000020                _region_min_align = 0x20

.rel.plt        0x0000000000000000        0x0
 *(SORT_BY_ALIGNMENT(.rel.plt))
                [!provide]                        PROVIDE (__rel_iplt_start = .)
 *(SORT_BY_ALIGNMENT(.rel.iplt))
 .rel.iplt      0x0000000000000000        0x0 app/libapp.a(main.c.obj)
                [!provide]                        PROVIDE (__rel_iplt_end = .)

.rela.plt       0x0000000000000000        0x0
 *(SORT_BY_ALIGNMENT(.rela.plt))
                [!provide]                        PROVIDE (__rela_iplt_start = .)
 *(SORT_BY_ALIGNMENT(.rela.iplt))
                [!provide]                        PROVIDE (__rela_iplt_end = .)

.rel.dyn
 *(SORT_BY_ALIGNMENT(.rel.*))

.rela.dyn
 *(SORT_BY_ALIGNMENT(.rela.*))

/DISCARD/
 *(SORT_BY_ALIGNMENT(.plt))

/DISCARD/
 *(SORT_BY_ALIGNMENT(.iplt))
                0x0000000000000000                __rom_region_start = 0x0

rom_start       0x0000000000000000      0x100
                0x0000000000000000                __rom_start_address = .
 FILL mask 0x00
                0x0000000000000000                . = (. + (0x0 - (. - __rom_start_address)))
                0x0000000000000000                . = ALIGN (0x4)
                0x0000000000000000                . = ALIGN (0x80)
                0x0000000000000000                . = ALIGN (0x100)
                0x0000000000000000                _vector_start = .
 *(SORT_BY_ALIGNMENT(.exc_vector_table))
 *(SORT_BY_ALIGNMENT(.exc_vector_table.*))
 .exc_vector_table._vector_table_section
                0x0000000000000000       0x40 zephyr/arch/arch/arm/core/cortex_m/libarch__arm__core__cortex_m.a(vector_table.S.obj)
                0x0000000000000000                _vector_table
 *(SORT_BY_ALIGNMENT(.vectors))
                0x0000000000000100                _vector_end = .
                0x0000000000000040                . = ALIGN (0x4)
 *(SORT_BY_ALIGNMENT(.gnu.linkonce.irq_vector_table*))
 .gnu.linkonce.irq_vector_table
                0x0000000000000040       0xc0 zephyr/arch/common/libisr_tables.a(isr_tables.c.obj)
                0x0000000000000040                _irq_vector_table
                0x0000000000000100                _vector_end = .

text            0x0000000000000100     0xb13c
                0x0000000000000100                __text_region_start = .
 *(SORT_BY_ALIGNMENT(.text))
 .text          0x0000000000000100       0x30 /opt/nordic/ncs/toolchains/b8efef2ad5/opt/zephyr-sdk/arm-zephyr-eabi/bin/../lib/gcc/arm-zephyr-eabi/12.2.0/thumb/v7e-m/nofp/libgcc.a(_aeabi_uldivmod.o)
                0x0000000000000100                __aeabi_uldivmod
 .text          0x0000000000000130        0x4 /opt/nordic/ncs/toolchains/b8efef2ad5/opt/zephyr-sdk/arm-zephyr-eabi/bin/../lib/gcc/arm-zephyr-eabi/12.2.0/thumb/v7e-m/nofp/libgcc.a(_dvmd_tls.o)
                0x0000000000000130                __aeabi_ldiv0
                0x0000000000000130                __aeabi_idiv0
 .text          0x0000000000000134       0x10 /opt/nordic/ncs/toolchains/b8efef2ad5/opt/zephyr-sdk/arm-zephyr-eabi/bin/../lib/gcc/../../picolibc/arm-zephyr-eabi/lib/thumb/v7e-m/nofp/libc.a(strlen.S.o)
                0x0000000000000134                strlen
 .text          0x0000000000000144      0x2a0 /opt/nordic/ncs/toolchains/b8efef2ad5/opt/zephyr-sdk/arm-zephyr-eabi/bin/../lib/gcc/arm-zephyr-eabi/12.2.0/thumb/v7e-m/nofp/libgcc.a(_udivmoddi4.o)
                0x0000000000000144                __udivmoddi4
 *(SORT_BY_ALIGNMENT(.text.*))
 .text.nrf_gpio_pin_read
                0x00000000000003e4       0x28 app/libapp.a(main.c.obj)
 .text.led_set_raw
                0x000000000000040c       0x18 app/libapp.a(main.c.obj)
 .text.magnet_read_fallback
                0x0000000000000424       0x24 app/libapp.a(main.c.obj)
 .text.main     0x0000000000000448      0x200 app/libapp.a(main.c.obj)
                0x0000000000000448                main
 .text.cbvprintf_package
                0x0000000000000648      0x4b4 zephyr/libzephyr.a(cbprintf_packaged.c.obj)
                0x0000000000000648                cbvprintf_package
 .text.cbprintf_package_convert
                0x0000000000000afc      0x4c4 zephyr/libzephyr.a(cbprintf_packaged.c.obj)
                0x0000000000000afc                cbprintf_package_convert
 .text.__printk_hook_install
                0x0000000000000fc0        0xc zephyr/libzephyr.a(printk.c.obj)
                0x0000000000000fc0                __printk_hook_install
 .text.z_thread_entry
                0x0000000000000fcc       0x34 zephyr/libzephyr.a(thread_entry.c.obj)
                0x0000000000000fcc                z_thread_entry
 .text.process_event
                0x0000000000001000      0x16c zephyr/libzephyr.a(onoff.c.obj)
 .text.msg_process
                0x000000000000116c       0x3c zephyr/libzephyr.a(log_core.c.obj)
 .text.log_backend_notify_all
                0x00000000000011a8       0x30 zephyr/libzephyr.a(log_core.c.obj)
 .text.activate_foreach_backend
                0x00000000000011d8       0x64 zephyr/libzephyr.a(log_core.c.obj)
 .text.z_log_init
                0x000000000000123c       0x98 zephyr/libzephyr.a(log_core.c.obj)
 .text.thread_set
                0x00000000000012d4       0x28 zephyr/libzephyr.a(log_core.c.obj)
 .text.log_process_thread_timer_expiry_fn
                0x00000000000012fc       0x10 zephyr/libzephyr.a(log_core.c.obj)
 .text.enable_logger
                0x000000000000130c       0x5c zephyr/libzephyr.a(log_core.c.obj)
 .text.log_format_func_t_get
                0x0000000000001368        0xc zephyr/libzephyr.a(log_core.c.obj)
                0x0000000000001368                log_format_func_t_get
 .text.log_set_timestamp_func
                0x0000000000001374       0x24 zephyr/libzephyr.a(log_core.c.obj)
                0x0000000000001374                log_set_timestamp_func
 .text.z_log_notify_backend_enabled
                0x0000000000001398       0x20 zephyr/libzephyr.a(log_core.c.obj)
                0x0000000000001398                z_log_notify_backend_enabled
 .text.z_log_dropped
                0x00000000000013b8       0x54 zephyr/libzephyr.a(log_core.c.obj)
                0x00000000000013b8                z_log_dropped
 .text.z_log_dropped_read_and_clear
                0x000000000000140c       0x20 zephyr/libzephyr.a(log_core.c.obj)
                0x000000000000140c                z_log_dropped_read_and_clear
 .text.dropped_notify
                0x000000000000142c       0x38 zephyr/libzephyr.a(log_core.c.obj)
                0x000000000000142c                dropped_notify
 .text.z_log_dropped_pending
                0x0000000000001464       0x14 zephyr/libzephyr.a(log_core.c.obj)
                0x0000000000001464                z_log_dropped_pending
 .text.z_log_msg_init
                0x0000000000001478       0x20 zephyr/libzephyr.a(log_core.c.obj)
                0x0000000000001478                z_log_msg_init
 .text.log_core_init
                0x0000000000001498       0x30 zephyr/libzephyr.a(log_core.c.obj)
                0x0000000000001498                log_core_init
 .text.z_log_msg_alloc
                0x00000000000014c8       0x10 zephyr/libzephyr.a(log_core.c.obj)
                0x00000000000014c8                z_log_msg_alloc
 .text.z_log_msg_local_claim
                0x00000000000014d8       0x10 zephyr/libzephyr.a(log_core.c.obj)
                0x00000000000014d8                z_log_msg_local_claim
 .text.z_log_msg_free
                0x00000000000014e8       0x14 zephyr/libzephyr.a(log_core.c.obj)
                0x00000000000014e8                z_log_msg_free
 .text.z_log_msg_pending
                0x00000000000014fc       0x10 zephyr/libzephyr.a(log_core.c.obj)
                0x00000000000014fc                z_log_msg_pending
 .text.z_impl_log_process
                0x000000000000150c       0xbc zephyr/libzephyr.a(log_core.c.obj)
                0x000000000000150c                z_impl_log_process
 .text.z_impl_log_panic
                0x00000000000015c8       0x4c zephyr/libzephyr.a(log_core.c.obj)
                0x00000000000015c8                z_impl_log_panic
 .text.z_log_msg_post_finalize
                0x0000000000001614       0x84 zephyr/libzephyr.a(log_core.c.obj)
 .text.z_log_msg_commit
                0x0000000000001698       0x20 zephyr/libzephyr.a(log_core.c.obj)
                0x0000000000001698                z_log_msg_commit
 .text.log_process_thread_func
                0x00000000000016b8       0x78 zephyr/libzephyr.a(log_core.c.obj)
 .text.log_src_cnt_get
                0x0000000000001730       0x14 zephyr/libzephyr.a(log_mgmt.c.obj)
                0x0000000000001730                log_src_cnt_get
 .text.log_source_name_get
                0x0000000000001744       0x1c zephyr/libzephyr.a(log_mgmt.c.obj)
                0x0000000000001744                log_source_name_get
 .text.log_backend_enable
                0x0000000000001760       0x2c zephyr/libzephyr.a(log_mgmt.c.obj)
                0x0000000000001760                log_backend_enable
 .text.cbprintf_package_copy
                0x000000000000178c       0x30 zephyr/libzephyr.a(log_msg.c.obj)
 .text.z_impl_z_log_msg_static_create
                0x00000000000017bc      0x158 zephyr/libzephyr.a(log_msg.c.obj)
                0x00000000000017bc                z_impl_z_log_msg_static_create
 .text.z_log_msg_runtime_vcreate
                0x0000000000001914       0xac zephyr/libzephyr.a(log_msg.c.obj)
                0x0000000000001914                z_log_msg_runtime_vcreate
 .text.log_msg_get_source_id
                0x00000000000019c0       0x18 zephyr/libzephyr.a(log_msg.c.obj)
                0x00000000000019c0                log_msg_get_source_id
 .text.print_formatted
                0x00000000000019d8       0x24 zephyr/libzephyr.a(log_output.c.obj)
 .text.timestamp_print
                0x00000000000019fc       0x8c zephyr/libzephyr.a(log_output.c.obj)
 .text.color_print
                0x0000000000001a88       0x2c zephyr/libzephyr.a(log_output.c.obj)
 .text.ids_print
                0x0000000000001ab4       0x70 zephyr/libzephyr.a(log_output.c.obj)
 .text.prefix_print
                0x0000000000001b24       0x88 zephyr/libzephyr.a(log_output.c.obj)
 .text.newline_print
                0x0000000000001bac       0x28 zephyr/libzephyr.a(log_output.c.obj)
 .text.hexdump_line_print
                0x0000000000001bd4       0xc4 zephyr/libzephyr.a(log_output.c.obj)
 .text.log_output_process
                0x0000000000001c98       0x88 zephyr/libzephyr.a(log_output.c.obj)
                0x0000000000001c98                log_output_process
 .text.log_output_dropped_process
                0x0000000000001d20       0x84 zephyr/libzephyr.a(log_output.c.obj)
                0x0000000000001d20                log_output_dropped_process
 .text.log_output_timestamp_freq_set
                0x0000000000001da4       0x2c zephyr/libzephyr.a(log_output.c.obj)
                0x0000000000001da4                log_output_timestamp_freq_set
 .text.log_backend_rtt_init
                0x0000000000001dd0       0x1c zephyr/libzephyr.a(log_backend_rtt.c.obj)
 .text.panic    0x0000000000001dec       0x18 zephyr/libzephyr.a(log_backend_rtt.c.obj)
 .text.format_set
                0x0000000000001e04        0xc zephyr/libzephyr.a(log_backend_rtt.c.obj)
 .text.on_failed_write
                0x0000000000001e10       0x2c zephyr/libzephyr.a(log_backend_rtt.c.obj)
 .text.on_write
                0x0000000000001e3c       0x38 zephyr/libzephyr.a(log_backend_rtt.c.obj)
 .text.data_out_block_mode
                0x0000000000001e74       0x7c zephyr/libzephyr.a(log_backend_rtt.c.obj)
 .text.dropped  0x0000000000001ef0       0x10 zephyr/libzephyr.a(log_backend_rtt.c.obj)
 .text.process  0x0000000000001f00       0x20 zephyr/libzephyr.a(log_backend_rtt.c.obj)
 .text.mem_attr_get_regions
                0x0000000000001f20        0xc zephyr/libzephyr.a(mem_attr.c.obj)
                0x0000000000001f20                mem_attr_get_regions
 .text.boot_banner
                0x0000000000001f2c       0x18 zephyr/libzephyr.a(banner.c.obj)
                0x0000000000001f2c                boot_banner
 .text.nrf_cc3xx_platform_abort_init
                0x0000000000001f44       0x10 zephyr/libzephyr.a(nrf_cc3xx_platform_abort_zephyr.c.obj)
                0x0000000000001f44                nrf_cc3xx_platform_abort_init
 .text.mutex_flags_unknown
                0x0000000000001f54       0x50 zephyr/libzephyr.a(nrf_cc3xx_platform_mutex_zephyr.c.obj)
 .text.mutex_unlock_platform
                0x0000000000001fa4       0x58 zephyr/libzephyr.a(nrf_cc3xx_platform_mutex_zephyr.c.obj)
 .text.mutex_lock_platform
                0x0000000000001ffc       0x64 zephyr/libzephyr.a(nrf_cc3xx_platform_mutex_zephyr.c.obj)
 .text.mutex_free_platform
                0x0000000000002060       0x5c zephyr/libzephyr.a(nrf_cc3xx_platform_mutex_zephyr.c.obj)
 .text.mutex_init_platform
                0x00000000000020bc       0x88 zephyr/libzephyr.a(nrf_cc3xx_platform_mutex_zephyr.c.obj)
 .text.nrf_cc3xx_platform_mutex_init
                0x0000000000002144       0x28 zephyr/libzephyr.a(nrf_cc3xx_platform_mutex_zephyr.c.obj)
                0x0000000000002144                nrf_cc3xx_platform_mutex_init
 .text.esf_dump
                0x000000000000216c      0x160 zephyr/arch/arch/arm/core/libarch__arm__core.a(fatal.c.obj)
 .text.z_arm_fatal_error
                0x00000000000022cc       0x38 zephyr/arch/arch/arm/core/libarch__arm__core.a(fatal.c.obj)
                0x00000000000022cc                z_arm_fatal_error
 .text.z_SysNmiOnReset
                0x0000000000002304        0x8 zephyr/arch/arch/arm/core/libarch__arm__core.a(nmi_on_reset.S.obj)
                0x0000000000002304                z_SysNmiOnReset
 .text.z_tls_copy
                0x000000000000230c       0x28 zephyr/arch/arch/arm/core/libarch__arm__core.a(tls.c.obj)
 .text.arch_tls_stack_setup
                0x0000000000002334       0x28 zephyr/arch/arch/arm/core/libarch__arm__core.a(tls.c.obj)
                0x0000000000002334                arch_tls_stack_setup
 .text._HandlerModeExit
                0x000000000000235c       0x28 zephyr/arch/arch/arm/core/cortex_m/libarch__arm__core__cortex_m.a(exc_exit.c.obj)
                0x000000000000235c                z_arm_exc_exit
                0x000000000000235c                z_arm_int_exit
 .text.z_arm_is_synchronous_svc
                0x0000000000002384       0x3c zephyr/arch/arch/arm/core/cortex_m/libarch__arm__core__cortex_m.a(fault.c.obj)
 .text.get_esf  0x00000000000023c0       0x48 zephyr/arch/arch/arm/core/cortex_m/libarch__arm__core__cortex_m.a(fault.c.obj)
 .text.usage_fault
                0x0000000000002408       0xd4 zephyr/arch/arch/arm/core/cortex_m/libarch__arm__core__cortex_m.a(fault.c.obj)
 .text.debug_monitor
                0x00000000000024dc       0x1c zephyr/arch/arch/arm/core/cortex_m/libarch__arm__core__cortex_m.a(fault.c.obj)
 .text.reserved_exception
                0x00000000000024f8       0xd8 zephyr/arch/arch/arm/core/cortex_m/libarch__arm__core__cortex_m.a(fault.c.obj)
 .text.bus_fault
                0x00000000000025d0      0x110 zephyr/arch/arch/arm/core/cortex_m/libarch__arm__core__cortex_m.a(fault.c.obj)
 .text.mem_manage_fault
                0x00000000000026e0      0x148 zephyr/arch/arch/arm/core/cortex_m/libarch__arm__core__cortex_m.a(fault.c.obj)
 .text.hard_fault
                0x0000000000002828       0xd0 zephyr/arch/arch/arm/core/cortex_m/libarch__arm__core__cortex_m.a(fault.c.obj)
 .text.z_arm_fault
                0x00000000000028f8       0x88 zephyr/arch/arch/arm/core/cortex_m/libarch__arm__core__cortex_m.a(fault.c.obj)
                0x00000000000028f8                z_arm_fault
 .text.z_arm_fault_init
                0x0000000000002980       0x18 zephyr/arch/arch/arm/core/cortex_m/libarch__arm__core__cortex_m.a(fault.c.obj)
                0x0000000000002980                z_arm_fault_init
 .text.__fault  0x0000000000002998       0x14 zephyr/arch/arch/arm/core/cortex_m/libarch__arm__core__cortex_m.a(fault_s.S.obj)
                0x0000000000002998                z_arm_bus_fault
                0x0000000000002998                z_arm_usage_fault
                0x0000000000002998                z_arm_mpu_fault
                0x0000000000002998                z_arm_exc_spurious
                0x0000000000002998                z_arm_debug_monitor
                0x0000000000002998                z_arm_hard_fault
 .text._reset_section
                0x00000000000029ac       0x60 zephyr/arch/arch/arm/core/cortex_m/libarch__arm__core__cortex_m.a(reset.S.obj)
                0x00000000000029ac                z_arm_reset
                0x00000000000029ac                __start
 .text.z_arm_clear_arm_mpu_config
                0x0000000000002a0c       0x28 zephyr/arch/arch/arm/core/cortex_m/libarch__arm__core__cortex_m.a(scb.c.obj)
                0x0000000000002a0c                z_arm_clear_arm_mpu_config
 .text.z_arm_init_arch_hw_at_boot
                0x0000000000002a34       0x54 zephyr/arch/arch/arm/core/cortex_m/libarch__arm__core__cortex_m.a(scb.c.obj)
                0x0000000000002a34                z_arm_init_arch_hw_at_boot
 .text.z_impl_k_thread_abort
                0x0000000000002a88       0x34 zephyr/arch/arch/arm/core/cortex_m/libarch__arm__core__cortex_m.a(thread_abort.c.obj)
                0x0000000000002a88                z_impl_k_thread_abort
 .text.z_arm_pendsv
                0x0000000000002abc       0x68 zephyr/arch/arch/arm/core/cortex_m/libarch__arm__core__cortex_m.a(swap_helper.S.obj)
                0x0000000000002abc                z_arm_pendsv
 .text.z_arm_svc
                0x0000000000002b24       0x24 zephyr/arch/arch/arm/core/cortex_m/libarch__arm__core__cortex_m.a(swap_helper.S.obj)
                0x0000000000002b24                z_arm_svc
 .text.__NVIC_EnableIRQ
                0x0000000000002b48       0x1c zephyr/arch/arch/arm/core/cortex_m/libarch__arm__core__cortex_m.a(irq_manage.c.obj)
 .text.__NVIC_DisableIRQ
                0x0000000000002b64       0x24 zephyr/arch/arch/arm/core/cortex_m/libarch__arm__core__cortex_m.a(irq_manage.c.obj)
 .text.__NVIC_SetPriority
                0x0000000000002b88       0x28 zephyr/arch/arch/arm/core/cortex_m/libarch__arm__core__cortex_m.a(irq_manage.c.obj)
 .text.arch_irq_is_enabled
                0x0000000000002bb0       0x1c zephyr/arch/arch/arm/core/cortex_m/libarch__arm__core__cortex_m.a(irq_manage.c.obj)
                0x0000000000002bb0                arch_irq_is_enabled
 .text.z_prep_c
                0x0000000000002bcc       0x38 zephyr/arch/arch/arm/core/cortex_m/libarch__arm__core__cortex_m.a(prep_c.c.obj)
                0x0000000000002bcc                z_prep_c
 .text.arch_new_thread
                0x0000000000002c04       0x44 zephyr/arch/arch/arm/core/cortex_m/libarch__arm__core__cortex_m.a(thread.c.obj)
                0x0000000000002c04                arch_new_thread
 .text.z_check_thread_stack_fail
                0x0000000000002c48       0x48 zephyr/arch/arch/arm/core/cortex_m/libarch__arm__core__cortex_m.a(thread.c.obj)
                0x0000000000002c48                z_check_thread_stack_fail
 .text.arch_switch_to_main_thread
                0x0000000000002c90       0x40 zephyr/arch/arch/arm/core/cortex_m/libarch__arm__core__cortex_m.a(thread.c.obj)
                0x0000000000002c90                arch_switch_to_main_thread
 .text.z_arm_cpu_idle_init
                0x0000000000002cd0        0xc zephyr/arch/arch/arm/core/cortex_m/libarch__arm__core__cortex_m.a(cpu_idle.c.obj)
                0x0000000000002cd0                z_arm_cpu_idle_init
 .text.z_arm_interrupt_init
                0x0000000000002cdc       0x34 zephyr/arch/arch/arm/core/cortex_m/libarch__arm__core__cortex_m.a(irq_init.c.obj)
                0x0000000000002cdc                z_arm_interrupt_init
 .text._isr_wrapper
                0x0000000000002d10       0x20 zephyr/arch/arch/arm/core/cortex_m/libarch__arm__core__cortex_m.a(isr_wrapper.c.obj)
                0x0000000000002d10                _isr_wrapper
 .text.z_arm_configure_static_mpu_regions
                0x0000000000002d30       0x1c zephyr/arch/arch/arm/core/mpu/libarch__arm__core__mpu.a(arm_core_mpu.c.obj)
                0x0000000000002d30                z_arm_configure_static_mpu_regions
 .text.z_arm_configure_dynamic_mpu_regions
                0x0000000000002d4c       0x24 zephyr/arch/arch/arm/core/mpu/libarch__arm__core__mpu.a(arm_core_mpu.c.obj)
                0x0000000000002d4c                z_arm_configure_dynamic_mpu_regions
 .text.region_init
                0x0000000000002d70       0x28 zephyr/arch/arch/arm/core/mpu/libarch__arm__core__mpu.a(arm_mpu.c.obj)
 .text.region_allocate_and_init
                0x0000000000002d98       0x3c zephyr/arch/arch/arm/core/mpu/libarch__arm__core__mpu.a(arm_mpu.c.obj)
 .text.mpu_configure_regions
                0x0000000000002dd4       0x64 zephyr/arch/arch/arm/core/mpu/libarch__arm__core__mpu.a(arm_mpu.c.obj)
 .text.mpu_configure_static_mpu_regions
                0x0000000000002e38       0x14 zephyr/arch/arch/arm/core/mpu/libarch__arm__core__mpu.a(arm_mpu.c.obj)
 .text.mpu_configure_dynamic_mpu_regions
                0x0000000000002e4c       0x3c zephyr/arch/arch/arm/core/mpu/libarch__arm__core__mpu.a(arm_mpu.c.obj)
 .text.arm_core_mpu_enable
                0x0000000000002e88       0x18 zephyr/arch/arch/arm/core/mpu/libarch__arm__core__mpu.a(arm_mpu.c.obj)
                0x0000000000002e88                arm_core_mpu_enable
 .text.arm_core_mpu_disable
                0x0000000000002ea0       0x14 zephyr/arch/arch/arm/core/mpu/libarch__arm__core__mpu.a(arm_mpu.c.obj)
                0x0000000000002ea0                arm_core_mpu_disable
 .text.z_arm_mpu_init
                0x0000000000002eb4       0x80 zephyr/arch/arch/arm/core/mpu/libarch__arm__core__mpu.a(arm_mpu.c.obj)
                0x0000000000002eb4                z_arm_mpu_init
 .text.cbvprintf
                0x0000000000002f34       0x34 zephyr/lib/libc/picolibc/liblib__libc__picolibc.a(cbprintf.c.obj)
                0x0000000000002f34                cbvprintf
 .text.z_impl_zephyr_fputc
                0x0000000000002f68       0x10 zephyr/lib/libc/picolibc/liblib__libc__picolibc.a(stdio.c.obj)
                0x0000000000002f68                z_impl_zephyr_fputc
 .text.__stdout_hook_install
                0x0000000000002f78       0x18 zephyr/lib/libc/picolibc/liblib__libc__picolibc.a(stdio.c.obj)
                0x0000000000002f78                __stdout_hook_install
 .text.malloc_prepare
                0x0000000000002f90       0x24 zephyr/lib/libc/common/liblib__libc__common.a(malloc.c.obj)
 .text.nordicsemi_nrf52_init
                0x0000000000002fb4       0x10 zephyr/soc/soc/nrf52840/libsoc__nordic.a(soc.c.obj)
 .text.arch_busy_wait
                0x0000000000002fc4       0x18 zephyr/soc/soc/nrf52840/libsoc__nordic.a(soc.c.obj)
                0x0000000000002fc4                arch_busy_wait
 .text.saadc_pm_hook
                0x0000000000002fdc       0x28 zephyr/drivers/adc/libdrivers__adc.a(adc_nrfx_saadc.c.obj)
 .text.adc_context_start_sampling
                0x0000000000003004       0x24 zephyr/drivers/adc/libdrivers__adc.a(adc_nrfx_saadc.c.obj)
 .text.adc_context_update_buffer_pointer
                0x0000000000003028       0x24 zephyr/drivers/adc/libdrivers__adc.a(adc_nrfx_saadc.c.obj)
 .text.has_single_ended
                0x000000000000304c       0x18 zephyr/drivers/adc/libdrivers__adc.a(adc_nrfx_saadc.c.obj)
 .text.correct_single_ended
                0x0000000000003064       0x44 zephyr/drivers/adc/libdrivers__adc.a(adc_nrfx_saadc.c.obj)
 .text.adc_nrfx_channel_setup
                0x00000000000030a8      0x140 zephyr/drivers/adc/libdrivers__adc.a(adc_nrfx_saadc.c.obj)
 .text.set_resolution
                0x00000000000031e8       0x4c zephyr/drivers/adc/libdrivers__adc.a(adc_nrfx_saadc.c.obj)
 .text.set_oversampling
                0x0000000000003234       0x58 zephyr/drivers/adc/libdrivers__adc.a(adc_nrfx_saadc.c.obj)
 .text.check_buffer_size
                0x000000000000328c       0x3c zephyr/drivers/adc/libdrivers__adc.a(adc_nrfx_saadc.c.obj)
 .text.adc_context_enable_timer
                0x00000000000032c8       0x3c zephyr/drivers/adc/libdrivers__adc.a(adc_nrfx_saadc.c.obj)
 .text.start_read
                0x0000000000003304       0xfc zephyr/drivers/adc/libdrivers__adc.a(adc_nrfx_saadc.c.obj)
 .text.adc_nrfx_read
                0x0000000000003400       0x2c zephyr/drivers/adc/libdrivers__adc.a(adc_nrfx_saadc.c.obj)
 .text.init_saadc
                0x000000000000342c       0x4c zephyr/drivers/adc/libdrivers__adc.a(adc_nrfx_saadc.c.obj)
 .text.saadc_irq_handler
                0x0000000000003478       0x68 zephyr/drivers/adc/libdrivers__adc.a(adc_nrfx_saadc.c.obj)
 .text.get_hf_flags
                0x00000000000034e0        0x8 zephyr/drivers/clock_control/libdrivers__clock_control.a(clock_control_nrf.c.obj)
 .text.get_subsys
                0x00000000000034e8       0x18 zephyr/drivers/clock_control/libdrivers__clock_control.a(clock_control_nrf.c.obj)
 .text.onoff_stop
                0x0000000000003500       0x20 zephyr/drivers/clock_control/libdrivers__clock_control.a(clock_control_nrf.c.obj)
 .text.onoff_start
                0x0000000000003520       0x34 zephyr/drivers/clock_control/libdrivers__clock_control.a(clock_control_nrf.c.obj)
 .text.clock_event_handler
                0x0000000000003554       0x34 zephyr/drivers/clock_control/libdrivers__clock_control.a(clock_control_nrf.c.obj)
 .text.generic_hfclk_start
                0x0000000000003588       0x70 zephyr/drivers/clock_control/libdrivers__clock_control.a(clock_control_nrf.c.obj)
 .text.generic_hfclk_stop
                0x00000000000035f8       0x34 zephyr/drivers/clock_control/libdrivers__clock_control.a(clock_control_nrf.c.obj)
 .text.lfclk_spinwait
                0x000000000000362c       0xcc zephyr/drivers/clock_control/libdrivers__clock_control.a(clock_control_nrf.c.obj)
 .text.api_blocking_start
                0x00000000000036f8       0x38 zephyr/drivers/clock_control/libdrivers__clock_control.a(clock_control_nrf.c.obj)
 .text.clk_init
                0x0000000000003730       0x60 zephyr/drivers/clock_control/libdrivers__clock_control.a(clock_control_nrf.c.obj)
 .text.z_nrf_clock_control_get_onoff
                0x0000000000003790       0x10 zephyr/drivers/clock_control/libdrivers__clock_control.a(clock_control_nrf.c.obj)
                0x0000000000003790                z_nrf_clock_control_get_onoff
 .text.z_nrf_clock_control_lf_on
                0x00000000000037a0       0x54 zephyr/drivers/clock_control/libdrivers__clock_control.a(clock_control_nrf.c.obj)
                0x00000000000037a0                z_nrf_clock_control_lf_on
 .text.rtt_console_init
                0x00000000000037f4       0x18 zephyr/drivers/console/libdrivers__console.a(rtt_console.c.obj)
 .text.rtt_console_out
                0x000000000000380c       0x44 zephyr/drivers/console/libdrivers__console.a(rtt_console.c.obj)
 .text.nrf_gpio_reconfigure
                0x0000000000003850       0xbc zephyr/drivers/gpio/libdrivers__gpio.a(gpio_nrfx.c.obj)
 .text.nrf_gpio_pin_dir_get
                0x000000000000390c       0x2c zephyr/drivers/gpio/libdrivers__gpio.a(gpio_nrfx.c.obj)
 .text.get_dev  0x0000000000003938       0x1c zephyr/drivers/gpio/libdrivers__gpio.a(gpio_nrfx.c.obj)
 .text.gpio_nrfx_pin_interrupt_configure
                0x0000000000003954       0xe0 zephyr/drivers/gpio/libdrivers__gpio.a(gpio_nrfx.c.obj)
 .text.gpio_nrfx_pin_configure
                0x0000000000003a34      0x1c0 zephyr/drivers/gpio/libdrivers__gpio.a(gpio_nrfx.c.obj)
 .text.gpio_nrfx_init
                0x0000000000003bf4       0x54 zephyr/drivers/gpio/libdrivers__gpio.a(gpio_nrfx.c.obj)
 .text.nrf_gpio_cfg
                0x0000000000003c48       0x50 zephyr/drivers/pinctrl/libdrivers__pinctrl.a(pinctrl_nrf.c.obj)
 .text.nrf_gpio_pin_set
                0x0000000000003c98       0x28 zephyr/drivers/pinctrl/libdrivers__pinctrl.a(pinctrl_nrf.c.obj)
 .text.nrf_gpio_pin_clear
                0x0000000000003cc0       0x28 zephyr/drivers/pinctrl/libdrivers__pinctrl.a(pinctrl_nrf.c.obj)
 .text.pinctrl_configure_pins
                0x0000000000003ce8       0xd0 zephyr/drivers/pinctrl/libdrivers__pinctrl.a(pinctrl_nrf.c.obj)
                0x0000000000003ce8                pinctrl_configure_pins
 .text.hfclk_on_callback
                0x0000000000003db8        0xc zephyr/drivers/sensor/nordic/temp/libdrivers__sensor__nordic__temp.a(temp_nrf5.c.obj)
 .text.temp_nrf5_channel_get
                0x0000000000003dc4       0x3c zephyr/drivers/sensor/nordic/temp/libdrivers__sensor__nordic__temp.a(temp_nrf5.c.obj)
 .text.temp_nrf5_sample_fetch
                0x0000000000003e00       0x80 zephyr/drivers/sensor/nordic/temp/libdrivers__sensor__nordic__temp.a(temp_nrf5.c.obj)
 .text.temp_nrf5_init
                0x0000000000003e80       0x40 zephyr/drivers/sensor/nordic/temp/libdrivers__sensor__nordic__temp.a(temp_nrf5.c.obj)
 .text.temp_nrf5_isr
                0x0000000000003ec0       0x1c zephyr/drivers/sensor/nordic/temp/libdrivers__sensor__nordic__temp.a(temp_nrf5.c.obj)
 .text.nrf_gpio_pin_set
                0x0000000000003edc       0x28 zephyr/drivers/spi/libdrivers__spi.a(spi_nrfx_spim.c.obj)
 .text.nrf_gpio_pin_clear
                0x0000000000003f04       0x28 zephyr/drivers/spi/libdrivers__spi.a(spi_nrfx_spim.c.obj)
 .text.get_nrf_spim_frequency
                0x0000000000003f2c       0x8c zephyr/drivers/spi/libdrivers__spi.a(spi_nrfx_spim.c.obj)
 .text.spi_context_wait_for_completion
                0x0000000000003fb8       0x94 zephyr/drivers/spi/libdrivers__spi.a(spi_nrfx_spim.c.obj)
 .text.configure
                0x000000000000404c      0x22c zephyr/drivers/spi/libdrivers__spi.a(spi_nrfx_spim.c.obj)
 .text.transfer_next_chunk
                0x0000000000004278       0xc4 zephyr/drivers/spi/libdrivers__spi.a(spi_nrfx_spim.c.obj)
 .text.event_handler
                0x000000000000433c       0xd0 zephyr/drivers/spi/libdrivers__spi.a(spi_nrfx_spim.c.obj)
 .text.transceive
                0x000000000000440c       0xcc zephyr/drivers/spi/libdrivers__spi.a(spi_nrfx_spim.c.obj)
 .text.spi_context_cs_configure_all
                0x00000000000044d8       0xfc zephyr/drivers/spi/libdrivers__spi.a(spi_nrfx_spim.c.obj)
 .text.spi_nrfx_init
                0x00000000000045d4       0x7c zephyr/drivers/spi/libdrivers__spi.a(spi_nrfx_spim.c.obj)
 .text.nrf_gpio_cfg
                0x0000000000004650       0x50 zephyr/drivers/spi/libdrivers__spi.a(spi_nrfx_common.c.obj)
 .text.spi_nrfx_wake_init
                0x00000000000046a0       0x64 zephyr/drivers/spi/libdrivers__spi.a(spi_nrfx_common.c.obj)
                0x00000000000046a0                spi_nrfx_wake_init
 .text.set_comparator
                0x0000000000004704       0x14 zephyr/drivers/timer/libdrivers__timer.a(nrf_rtc_timer.c.obj)
 .text.event_enable
                0x0000000000004718       0x14 zephyr/drivers/timer/libdrivers__timer.a(nrf_rtc_timer.c.obj)
 .text.event_disable
                0x000000000000472c       0x14 zephyr/drivers/timer/libdrivers__timer.a(nrf_rtc_timer.c.obj)
 .text.counter  0x0000000000004740        0xc zephyr/drivers/timer/libdrivers__timer.a(nrf_rtc_timer.c.obj)
 .text.set_alarm
                0x000000000000474c       0x88 zephyr/drivers/timer/libdrivers__timer.a(nrf_rtc_timer.c.obj)
 .text.int_event_disable_rtc
                0x00000000000047d4       0x18 zephyr/drivers/timer/libdrivers__timer.a(nrf_rtc_timer.c.obj)
 .text.compare_int_lock
                0x00000000000047ec       0x4c zephyr/drivers/timer/libdrivers__timer.a(nrf_rtc_timer.c.obj)
 .text.channel_processing_check_and_clear
                0x0000000000004838       0x60 zephyr/drivers/timer/libdrivers__timer.a(nrf_rtc_timer.c.obj)
 .text.compare_int_unlock
                0x0000000000004898       0x60 zephyr/drivers/timer/libdrivers__timer.a(nrf_rtc_timer.c.obj)
 .text.sys_clock_timeout_handler
                0x00000000000048f8       0x50 zephyr/drivers/timer/libdrivers__timer.a(nrf_rtc_timer.c.obj)
 .text.z_nrf_rtc_timer_read
                0x0000000000004948       0x40 zephyr/drivers/timer/libdrivers__timer.a(nrf_rtc_timer.c.obj)
                0x0000000000004948                z_nrf_rtc_timer_read
 .text.compare_set_nolocks
                0x0000000000004988       0xac zephyr/drivers/timer/libdrivers__timer.a(nrf_rtc_timer.c.obj)
 .text.sys_clock_driver_init
                0x0000000000004a34       0x9c zephyr/drivers/timer/libdrivers__timer.a(nrf_rtc_timer.c.obj)
 .text.process_channel
                0x0000000000004ad0       0x7c zephyr/drivers/timer/libdrivers__timer.a(nrf_rtc_timer.c.obj)
 .text.rtc_nrf_isr
                0x0000000000004b4c       0x40 zephyr/drivers/timer/libdrivers__timer.a(nrf_rtc_timer.c.obj)
                0x0000000000004b4c                rtc_nrf_isr
 .text.sys_clock_set_timeout
                0x0000000000004b8c       0x74 zephyr/drivers/timer/libdrivers__timer.a(nrf_rtc_timer.c.obj)
                0x0000000000004b8c                sys_clock_set_timeout
 .text.sys_clock_elapsed
                0x0000000000004c00       0x14 zephyr/drivers/timer/libdrivers__timer.a(nrf_rtc_timer.c.obj)
                0x0000000000004c00                sys_clock_elapsed
 .text.__NVIC_SystemReset
                0x0000000000004c14       0x24 modules/hal_nordic/modules/hal_nordic/nrfx/libmodules__hal_nordic__nrfx.a(system_nrf52840.c.obj)
 .text.nvmc_wait
                0x0000000000004c38       0x10 modules/hal_nordic/modules/hal_nordic/nrfx/libmodules__hal_nordic__nrfx.a(system_nrf52840.c.obj)
                0x0000000000004c38                nvmc_wait
 .text.nvmc_config
                0x0000000000004c48       0x14 modules/hal_nordic/modules/hal_nordic/nrfx/libmodules__hal_nordic__nrfx.a(system_nrf52840.c.obj)
                0x0000000000004c48                nvmc_config
 .text.SystemInit
                0x0000000000004c5c      0x16c modules/hal_nordic/modules/hal_nordic/nrfx/libmodules__hal_nordic__nrfx.a(system_nrf52840.c.obj)
                0x0000000000004c5c                SystemInit
 .text.nrfx_flag32_alloc
                0x0000000000004dc8       0x48 modules/hal_nordic/modules/hal_nordic/nrfx/libmodules__hal_nordic__nrfx.a(nrfx_flag32_allocator.c.obj)
                0x0000000000004dc8                nrfx_flag32_alloc
 .text.nrfx_flag32_free
                0x0000000000004e10       0x44 modules/hal_nordic/modules/hal_nordic/nrfx/libmodules__hal_nordic__nrfx.a(nrfx_flag32_allocator.c.obj)
                0x0000000000004e10                nrfx_flag32_free
 .text.clock_stop
                0x0000000000004e54       0x84 modules/hal_nordic/modules/hal_nordic/nrfx/libmodules__hal_nordic__nrfx.a(nrfx_clock.c.obj)
 .text.nrfx_clock_init
                0x0000000000004ed8       0x28 modules/hal_nordic/modules/hal_nordic/nrfx/libmodules__hal_nordic__nrfx.a(nrfx_clock.c.obj)
                0x0000000000004ed8                nrfx_clock_init
 .text.nrfx_clock_enable
                0x0000000000004f00       0x20 modules/hal_nordic/modules/hal_nordic/nrfx/libmodules__hal_nordic__nrfx.a(nrfx_clock.c.obj)
                0x0000000000004f00                nrfx_clock_enable
 .text.nrfx_clock_start
                0x0000000000004f20       0xdc modules/hal_nordic/modules/hal_nordic/nrfx/libmodules__hal_nordic__nrfx.a(nrfx_clock.c.obj)
                0x0000000000004f20                nrfx_clock_start
 .text.nrfx_power_clock_irq_handler
                0x0000000000004ffc       0x88 modules/hal_nordic/modules/hal_nordic/nrfx/libmodules__hal_nordic__nrfx.a(nrfx_clock.c.obj)
                0x0000000000004ffc                nrfx_power_clock_irq_handler
 .text.nrf_gpio_cfg
                0x0000000000005084       0x50 modules/hal_nordic/modules/hal_nordic/nrfx/libmodules__hal_nordic__nrfx.a(nrfx_gpiote.c.obj)
 .text.nrf_gpio_reconfigure
                0x00000000000050d4       0xbc modules/hal_nordic/modules/hal_nordic/nrfx/libmodules__hal_nordic__nrfx.a(nrfx_gpiote.c.obj)
 .text.nrf_gpio_pin_read
                0x0000000000005190       0x28 modules/hal_nordic/modules/hal_nordic/nrfx/libmodules__hal_nordic__nrfx.a(nrfx_gpiote.c.obj)
 .text.nrf_gpio_pin_sense_get
                0x00000000000051b8       0x2c modules/hal_nordic/modules/hal_nordic/nrfx/libmodules__hal_nordic__nrfx.a(nrfx_gpiote.c.obj)
 .text.nrf_gpio_latches_read_and_clear
                0x00000000000051e4       0x44 modules/hal_nordic/modules/hal_nordic/nrfx/libmodules__hal_nordic__nrfx.a(nrfx_gpiote.c.obj)
 .text.nrf_gpio_pin_latch_clear
                0x0000000000005228       0x28 modules/hal_nordic/modules/hal_nordic/nrfx/libmodules__hal_nordic__nrfx.a(nrfx_gpiote.c.obj)
 .text.get_pin_idx
                0x0000000000005250       0x14 modules/hal_nordic/modules/hal_nordic/nrfx/libmodules__hal_nordic__nrfx.a(nrfx_gpiote.c.obj)
 .text.get_cb   0x0000000000005264        0x8 modules/hal_nordic/modules/hal_nordic/nrfx/libmodules__hal_nordic__nrfx.a(nrfx_gpiote.c.obj)
 .text.gpiote_output_configure
                0x000000000000526c       0xf8 modules/hal_nordic/modules/hal_nordic/nrfx/libmodules__hal_nordic__nrfx.a(nrfx_gpiote.c.obj)
 .text.gpiote_channel_get
                0x0000000000005364       0x38 modules/hal_nordic/modules/hal_nordic/nrfx/libmodules__hal_nordic__nrfx.a(nrfx_gpiote.c.obj)
 .text.latch_pending_read_and_check
                0x000000000000539c       0x50 modules/hal_nordic/modules/hal_nordic/nrfx/libmodules__hal_nordic__nrfx.a(nrfx_gpiote.c.obj)
 .text.pin_handler_set
                0x00000000000053ec       0x88 modules/hal_nordic/modules/hal_nordic/nrfx/libmodules__hal_nordic__nrfx.a(nrfx_gpiote.c.obj)
 .text.gpiote_input_configure
                0x0000000000005474      0x16c modules/hal_nordic/modules/hal_nordic/nrfx/libmodules__hal_nordic__nrfx.a(nrfx_gpiote.c.obj)
 .text.pin_uninit
                0x00000000000055e0       0x34 modules/hal_nordic/modules/hal_nordic/nrfx/libmodules__hal_nordic__nrfx.a(nrfx_gpiote.c.obj)
 .text.gpiote_init
                0x0000000000005614       0x4c modules/hal_nordic/modules/hal_nordic/nrfx/libmodules__hal_nordic__nrfx.a(nrfx_gpiote.c.obj)
 .text.port_event_handle
                0x0000000000005660       0xc4 modules/hal_nordic/modules/hal_nordic/nrfx/libmodules__hal_nordic__nrfx.a(nrfx_gpiote.c.obj)
 .text.nrfx_gpiote_0_irq_handler
                0x0000000000005724       0x14 modules/hal_nordic/modules/hal_nordic/nrfx/libmodules__hal_nordic__nrfx.a(nrfx_gpiote.c.obj)
                0x0000000000005724                nrfx_gpiote_0_irq_handler
 .text.nrf_gpio_cfg
                0x0000000000005738       0x50 modules/hal_nordic/modules/hal_nordic/nrfx/libmodules__hal_nordic__nrfx.a(nrfx_spim.c.obj)
 .text.nrf_gpio_pin_set
                0x0000000000005788       0x28 modules/hal_nordic/modules/hal_nordic/nrfx/libmodules__hal_nordic__nrfx.a(nrfx_spim.c.obj)
 .text.nrf_gpio_pin_clear
                0x00000000000057b0       0x28 modules/hal_nordic/modules/hal_nordic/nrfx/libmodules__hal_nordic__nrfx.a(nrfx_spim.c.obj)
 .text.configure_pins
                0x00000000000057d8       0x84 modules/hal_nordic/modules/hal_nordic/nrfx/libmodules__hal_nordic__nrfx.a(nrfx_spim.c.obj)
 .text.spim_frequency_valid_check
                0x000000000000585c       0x94 modules/hal_nordic/modules/hal_nordic/nrfx/libmodules__hal_nordic__nrfx.a(nrfx_spim.c.obj)
 .text.spim_frequency_bit_decode
                0x00000000000058f0       0xb0 modules/hal_nordic/modules/hal_nordic/nrfx/libmodules__hal_nordic__nrfx.a(nrfx_spim.c.obj)
 .text.spim_configuration_verify
                0x00000000000059a0       0x1c modules/hal_nordic/modules/hal_nordic/nrfx/libmodules__hal_nordic__nrfx.a(nrfx_spim.c.obj)
 .text.spim_configure
                0x00000000000059bc       0xac modules/hal_nordic/modules/hal_nordic/nrfx/libmodules__hal_nordic__nrfx.a(nrfx_spim.c.obj)
 .text.spim_xfer
                0x0000000000005a68       0xf0 modules/hal_nordic/modules/hal_nordic/nrfx/libmodules__hal_nordic__nrfx.a(nrfx_spim.c.obj)
 .text.nrfx_spim_init
                0x0000000000005b58       0x70 modules/hal_nordic/modules/hal_nordic/nrfx/libmodules__hal_nordic__nrfx.a(nrfx_spim.c.obj)
                0x0000000000005b58                nrfx_spim_init
 .text.nrfx_spim_uninit
                0x0000000000005bc8       0x9c modules/hal_nordic/modules/hal_nordic/nrfx/libmodules__hal_nordic__nrfx.a(nrfx_spim.c.obj)
                0x0000000000005bc8                nrfx_spim_uninit
 .text.nrfx_spim_xfer
                0x0000000000005c64       0x68 modules/hal_nordic/modules/hal_nordic/nrfx/libmodules__hal_nordic__nrfx.a(nrfx_spim.c.obj)
                0x0000000000005c64                nrfx_spim_xfer
 .text.nrfx_spim_0_irq_handler
                0x0000000000005ccc       0x14 modules/hal_nordic/modules/hal_nordic/nrfx/libmodules__hal_nordic__nrfx.a(nrfx_spim.c.obj)
                0x0000000000005ccc                nrfx_spim_0_irq_handler
 .text._DoInit  0x0000000000005ce0       0x64 modules/segger/libmodules__segger.a(SEGGER_RTT.c.obj)
 .text.SEGGER_RTT_StrongCheckInit
                0x0000000000005d44       0x38 modules/segger/libmodules__segger.a(SEGGER_RTT.c.obj)
 .text.SEGGER_RTT_WriteSkipNoLock
                0x0000000000005d7c       0xd0 modules/segger/libmodules__segger.a(SEGGER_RTT.c.obj)
                0x0000000000005d7c                SEGGER_RTT_WriteSkipNoLock
 .text.SEGGER_RTT_WriteNoLock
                0x0000000000005e4c       0x6c modules/segger/libmodules__segger.a(SEGGER_RTT.c.obj)
                0x0000000000005e4c                SEGGER_RTT_WriteNoLock
 .text.SEGGER_RTT_Write
                0x0000000000005eb8       0x38 modules/segger/libmodules__segger.a(SEGGER_RTT.c.obj)
                0x0000000000005eb8                SEGGER_RTT_Write
 .text.SEGGER_RTT_HasDataUp
                0x0000000000005ef0       0x20 modules/segger/libmodules__segger.a(SEGGER_RTT.c.obj)
                0x0000000000005ef0                SEGGER_RTT_HasDataUp
 .text.z_device_state_init
                0x0000000000005f10       0x18 zephyr/kernel/libkernel.a(device.c.obj)
                0x0000000000005f10                z_device_state_init
 .text.reason_to_str
                0x0000000000005f28       0x40 zephyr/kernel/libkernel.a(fatal.c.obj)
 .text.thread_name_get
                0x0000000000005f68       0x20 zephyr/kernel/libkernel.a(fatal.c.obj)
 .text.k_sys_fatal_error_handler
                0x0000000000005f88       0x20 zephyr/kernel/libkernel.a(fatal.c.obj)
                0x0000000000005f88                k_sys_fatal_error_handler
 .text.z_fatal_error
                0x0000000000005fa8      0x1f4 zephyr/kernel/libkernel.a(fatal.c.obj)
                0x0000000000005fa8                z_fatal_error
 .text.z_sys_init_run_level
                0x000000000000619c       0x34 zephyr/kernel/libkernel.a(init.c.obj)
 .text.init_idle_thread
                0x00000000000061d0       0x60 zephyr/kernel/libkernel.a(init.c.obj)
 .text.thread_schedule_new
                0x0000000000006230       0x1c zephyr/kernel/libkernel.a(init.c.obj)
 .text.z_init_static_threads
                0x000000000000624c       0x70 zephyr/kernel/libkernel.a(init.c.obj)
 .text.bg_thread_main
                0x00000000000062bc       0x38 zephyr/kernel/libkernel.a(init.c.obj)
 .text.switch_to_main_thread
                0x00000000000062f4       0x14 zephyr/kernel/libkernel.a(init.c.obj)
 .text.z_bss_zero
                0x0000000000006308       0x18 zephyr/kernel/libkernel.a(init.c.obj)
                0x0000000000006308                z_bss_zero
 .text.z_init_cpu
                0x0000000000006320       0x44 zephyr/kernel/libkernel.a(init.c.obj)
                0x0000000000006320                z_init_cpu
 .text.prepare_multithreading
                0x0000000000006364       0x60 zephyr/kernel/libkernel.a(init.c.obj)
 .text.z_cstart
                0x00000000000063c4       0x94 zephyr/kernel/libkernel.a(init.c.obj)
                0x00000000000063c4                z_cstart
 .text.init_mem_slab_obj_core_list
                0x0000000000006458       0x24 zephyr/kernel/libkernel.a(mem_slab.c.obj)
 .text.k_mem_slab_alloc
                0x000000000000647c       0x64 zephyr/kernel/libkernel.a(mem_slab.c.obj)
                0x000000000000647c                k_mem_slab_alloc
 .text.z_impl_k_mutex_lock
                0x00000000000064e0      0x100 zephyr/kernel/libkernel.a(mutex.c.obj)
                0x00000000000064e0                z_impl_k_mutex_lock
 .text.z_impl_k_mutex_unlock
                0x00000000000065e0       0xac zephyr/kernel/libkernel.a(mutex.c.obj)
                0x00000000000065e0                z_impl_k_mutex_unlock
 .text.z_impl_k_sem_give
                0x000000000000668c       0x88 zephyr/kernel/libkernel.a(sem.c.obj)
                0x000000000000668c                z_impl_k_sem_give
 .text.z_impl_k_sem_take
                0x0000000000006714       0x50 zephyr/kernel/libkernel.a(sem.c.obj)
                0x0000000000006714                z_impl_k_sem_take
 .text.z_impl_k_sem_reset
                0x0000000000006764       0x68 zephyr/kernel/libkernel.a(sem.c.obj)
                0x0000000000006764                z_impl_k_sem_reset
 .text.thread_schedule_new
                0x00000000000067cc       0x1c zephyr/kernel/libkernel.a(thread.c.obj)
 .text.z_impl_k_thread_name_set
                0x00000000000067e8       0x24 zephyr/kernel/libkernel.a(thread.c.obj)
                0x00000000000067e8                z_impl_k_thread_name_set
 .text.z_setup_new_thread
                0x000000000000680c       0xc4 zephyr/kernel/libkernel.a(thread.c.obj)
                0x000000000000680c                z_setup_new_thread
 .text.z_swap_irqlock
                0x00000000000068d0       0x34 zephyr/kernel/libkernel.a(sched.c.obj)
 .text.ready_thread
                0x0000000000006904       0xbc zephyr/kernel/libkernel.a(sched.c.obj)
 .text.unready_thread
                0x00000000000069c0       0x68 zephyr/kernel/libkernel.a(sched.c.obj)
 .text.thread_halt_spin
                0x0000000000006a28      0x128 zephyr/kernel/libkernel.a(sched.c.obj)
 .text.add_thread_timeout
                0x0000000000006b50       0x20 zephyr/kernel/libkernel.a(sched.c.obj)
 .text.move_thread_to_end_of_prio_q
                0x0000000000006b70       0xc8 zephyr/kernel/libkernel.a(sched.c.obj)
                0x0000000000006b70                move_thread_to_end_of_prio_q
 .text.z_pend_curr
                0x0000000000006c38       0x38 zephyr/kernel/libkernel.a(sched.c.obj)
                0x0000000000006c38                z_pend_curr
 .text.z_thread_prio_set
                0x0000000000006c70       0xdc zephyr/kernel/libkernel.a(sched.c.obj)
                0x0000000000006c70                z_thread_prio_set
 .text.z_reschedule
                0x0000000000006d4c       0x2c zephyr/kernel/libkernel.a(sched.c.obj)
                0x0000000000006d4c                z_reschedule
 .text.z_reschedule_irqlock
                0x0000000000006d78       0x2c zephyr/kernel/libkernel.a(sched.c.obj)
                0x0000000000006d78                z_reschedule_irqlock
 .text.k_sched_lock
                0x0000000000006da4       0x30 zephyr/kernel/libkernel.a(sched.c.obj)
                0x0000000000006da4                k_sched_lock
 .text.k_sched_unlock
                0x0000000000006dd4       0x70 zephyr/kernel/libkernel.a(sched.c.obj)
                0x0000000000006dd4                k_sched_unlock
 .text.z_sched_init
                0x0000000000006e44       0x10 zephyr/kernel/libkernel.a(sched.c.obj)
                0x0000000000006e44                z_sched_init
 .text.z_impl_k_yield
                0x0000000000006e54       0xa0 zephyr/kernel/libkernel.a(sched.c.obj)
                0x0000000000006e54                z_impl_k_yield
 .text.z_tick_sleep
                0x0000000000006ef4       0x90 zephyr/kernel/libkernel.a(sched.c.obj)
 .text.z_impl_k_wakeup
                0x0000000000006f84       0x54 zephyr/kernel/libkernel.a(sched.c.obj)
                0x0000000000006f84                z_impl_k_wakeup
 .text.z_impl_k_sched_current_thread_query
                0x0000000000006fd8        0xc zephyr/kernel/libkernel.a(sched.c.obj)
                0x0000000000006fd8                z_impl_k_sched_current_thread_query
 .text.z_thread_abort
                0x0000000000006fe4      0x154 zephyr/kernel/libkernel.a(sched.c.obj)
                0x0000000000006fe4                z_thread_abort
 .text.slice_timeout
                0x0000000000007138       0x20 zephyr/kernel/libkernel.a(timeslicing.c.obj)
 .text.thread_is_sliceable
                0x0000000000007158       0x4c zephyr/kernel/libkernel.a(timeslicing.c.obj)
                0x0000000000007158                thread_is_sliceable
 .text.z_reset_time_slice
                0x00000000000071a4       0x50 zephyr/kernel/libkernel.a(timeslicing.c.obj)
                0x00000000000071a4                z_reset_time_slice
 .text.z_time_slice
                0x00000000000071f4       0x70 zephyr/kernel/libkernel.a(timeslicing.c.obj)
                0x00000000000071f4                z_time_slice
 .text.z_thread_monitor_exit
                0x0000000000007264       0x3c zephyr/kernel/libkernel.a(thread_monitor.c.obj)
                0x0000000000007264                z_thread_monitor_exit
 .text.z_data_copy
                0x00000000000072a0       0x34 zephyr/kernel/libkernel.a(xip.c.obj)
                0x00000000000072a0                z_data_copy
 .text.first    0x00000000000072d4       0x14 zephyr/kernel/libkernel.a(timeout.c.obj)
 .text.next     0x00000000000072e8       0x18 zephyr/kernel/libkernel.a(timeout.c.obj)
 .text.elapsed  0x0000000000007300       0x18 zephyr/kernel/libkernel.a(timeout.c.obj)
 .text.z_add_timeout
                0x0000000000007318      0x10c zephyr/kernel/libkernel.a(timeout.c.obj)
                0x0000000000007318                z_add_timeout
 .text.sys_clock_announce
                0x0000000000007424       0xc4 zephyr/kernel/libkernel.a(timeout.c.obj)
                0x0000000000007424                sys_clock_announce
 .text.sys_clock_tick_get
                0x00000000000074e8       0x40 zephyr/kernel/libkernel.a(timeout.c.obj)
                0x00000000000074e8                sys_clock_tick_get
 .text.z_timer_expiration_handler
                0x0000000000007528       0xf8 zephyr/kernel/libkernel.a(timer.c.obj)
                0x0000000000007528                z_timer_expiration_handler
 .text.z_impl_k_timer_start
                0x0000000000007620       0x80 zephyr/kernel/libkernel.a(timer.c.obj)
                0x0000000000007620                z_impl_k_timer_start
 .text.nrf_cc3xx_platform_init_no_rng
                0x00000000000076a0       0x38 /opt/nordic/ncs/v3.0.2/nrfxlib/crypto/nrf_cc310_platform/lib/cortex-m4/soft-float/no-interrupts/libnrf_cc310_platform_0.9.19.a(nrf_cc3xx_platform.c.obj)
                0x00000000000076a0                nrf_cc3xx_platform_init_no_rng
 .text.nrf_cc3xx_platform_abort
                0x00000000000076d8       0x24 /opt/nordic/ncs/v3.0.2/nrfxlib/crypto/nrf_cc310_platform/lib/cortex-m4/soft-float/no-interrupts/libnrf_cc310_platform_0.9.19.a(nrf_cc3xx_platform_abort.c.obj)
 .text.CC_PalAbort
                0x00000000000076fc       0x34 /opt/nordic/ncs/v3.0.2/nrfxlib/crypto/nrf_cc310_platform/lib/cortex-m4/soft-float/no-interrupts/libnrf_cc310_platform_0.9.19.a(nrf_cc3xx_platform_abort.c.obj)
                0x00000000000076fc                CC_PalAbort
 .text.nrf_cc3xx_platform_set_abort
                0x0000000000007730       0x10 /opt/nordic/ncs/v3.0.2/nrfxlib/crypto/nrf_cc310_platform/lib/cortex-m4/soft-float/no-interrupts/libnrf_cc310_platform_0.9.19.a(nrf_cc3xx_platform_abort.c.obj)
                0x0000000000007730                nrf_cc3xx_platform_set_abort
 .text.mutex_free
                0x0000000000007740       0x34 /opt/nordic/ncs/v3.0.2/nrfxlib/crypto/nrf_cc310_platform/lib/cortex-m4/soft-float/no-interrupts/libnrf_cc310_platform_0.9.19.a(nrf_cc3xx_platform_mutex.c.obj)
 .text.mutex_lock
                0x0000000000007774       0x48 /opt/nordic/ncs/v3.0.2/nrfxlib/crypto/nrf_cc310_platform/lib/cortex-m4/soft-float/no-interrupts/libnrf_cc310_platform_0.9.19.a(nrf_cc3xx_platform_mutex.c.obj)
 .text.mutex_unlock
                0x00000000000077bc       0x38 /opt/nordic/ncs/v3.0.2/nrfxlib/crypto/nrf_cc310_platform/lib/cortex-m4/soft-float/no-interrupts/libnrf_cc310_platform_0.9.19.a(nrf_cc3xx_platform_mutex.c.obj)
 .text.mutex_init
                0x00000000000077f4       0x20 /opt/nordic/ncs/v3.0.2/nrfxlib/crypto/nrf_cc310_platform/lib/cortex-m4/soft-float/no-interrupts/libnrf_cc310_platform_0.9.19.a(nrf_cc3xx_platform_mutex.c.obj)
 .text.nrf_cc3xx_platform_set_mutexes
                0x0000000000007814       0x74 /opt/nordic/ncs/v3.0.2/nrfxlib/crypto/nrf_cc310_platform/lib/cortex-m4/soft-float/no-interrupts/libnrf_cc310_platform_0.9.19.a(nrf_cc3xx_platform_mutex.c.obj)
                0x0000000000007814                nrf_cc3xx_platform_set_mutexes
 .text.CC_LibInitNoRng
                0x0000000000007888       0x64 /opt/nordic/ncs/v3.0.2/nrfxlib/crypto/nrf_cc310_platform/lib/cortex-m4/soft-float/no-interrupts/libnrf_cc310_platform_0.9.19.a(cc_lib.c.obj)
                0x0000000000007888                CC_LibInitNoRng
 .text.CC_HalInit
                0x00000000000078ec        0x4 /opt/nordic/ncs/v3.0.2/nrfxlib/crypto/nrf_cc310_platform/lib/cortex-m4/soft-float/no-interrupts/libnrf_cc310_platform_0.9.19.a(cc_hal.c.obj)
                0x00000000000078ec                CC_HalInit
 .text.CC_HalTerminate
                0x00000000000078f0        0x4 /opt/nordic/ncs/v3.0.2/nrfxlib/crypto/nrf_cc310_platform/lib/cortex-m4/soft-float/no-interrupts/libnrf_cc310_platform_0.9.19.a(cc_hal.c.obj)
                0x00000000000078f0                CC_HalTerminate
 .text.CC_HalMaskInterrupt
                0x00000000000078f4        0xc /opt/nordic/ncs/v3.0.2/nrfxlib/crypto/nrf_cc310_platform/lib/cortex-m4/soft-float/no-interrupts/libnrf_cc310_platform_0.9.19.a(cc_hal.c.obj)
                0x00000000000078f4                CC_HalMaskInterrupt
 .text.CC_PalInit
                0x0000000000007900       0x5c /opt/nordic/ncs/v3.0.2/nrfxlib/crypto/nrf_cc310_platform/lib/cortex-m4/soft-float/no-interrupts/libnrf_cc310_platform_0.9.19.a(cc_pal.c.obj)
                0x0000000000007900                CC_PalInit
 .text.CC_PalTerminate
                0x000000000000795c       0x34 /opt/nordic/ncs/v3.0.2/nrfxlib/crypto/nrf_cc310_platform/lib/cortex-m4/soft-float/no-interrupts/libnrf_cc310_platform_0.9.19.a(cc_pal.c.obj)
                0x000000000000795c                CC_PalTerminate
 .text.CC_PalDmaInit
                0x0000000000007990        0x4 /opt/nordic/ncs/v3.0.2/nrfxlib/crypto/nrf_cc310_platform/lib/cortex-m4/soft-float/no-interrupts/libnrf_cc310_platform_0.9.19.a(cc_pal_dma.c.obj)
                0x0000000000007990                CC_PalDmaInit
 .text.CC_PalDmaTerminate
                0x0000000000007994        0x4 /opt/nordic/ncs/v3.0.2/nrfxlib/crypto/nrf_cc310_platform/lib/cortex-m4/soft-float/no-interrupts/libnrf_cc310_platform_0.9.19.a(cc_pal_dma.c.obj)
                0x0000000000007994                CC_PalDmaTerminate
 .text.CC_PalMutexCreate
                0x0000000000007998       0x14 /opt/nordic/ncs/v3.0.2/nrfxlib/crypto/nrf_cc310_platform/lib/cortex-m4/soft-float/no-interrupts/libnrf_cc310_platform_0.9.19.a(cc_pal_mutex.c.obj)
                0x0000000000007998                CC_PalMutexCreate
 .text.CC_PalMutexDestroy
                0x00000000000079ac       0x14 /opt/nordic/ncs/v3.0.2/nrfxlib/crypto/nrf_cc310_platform/lib/cortex-m4/soft-float/no-interrupts/libnrf_cc310_platform_0.9.19.a(cc_pal_mutex.c.obj)
                0x00000000000079ac                CC_PalMutexDestroy
 .text.CC_PalPowerSaveModeInit
                0x00000000000079c0       0x3c /opt/nordic/ncs/v3.0.2/nrfxlib/crypto/nrf_cc310_platform/lib/cortex-m4/soft-float/no-interrupts/libnrf_cc310_platform_0.9.19.a(cc_pal_pm.c.obj)
                0x00000000000079c0                CC_PalPowerSaveModeInit
 .text.CC_PalPowerSaveModeSelect
                0x00000000000079fc       0x84 /opt/nordic/ncs/v3.0.2/nrfxlib/crypto/nrf_cc310_platform/lib/cortex-m4/soft-float/no-interrupts/libnrf_cc310_platform_0.9.19.a(cc_pal_pm.c.obj)
                0x00000000000079fc                CC_PalPowerSaveModeSelect
 .text.snprintf
                0x0000000000007a80       0x58 /opt/nordic/ncs/toolchains/b8efef2ad5/opt/zephyr-sdk/arm-zephyr-eabi/bin/../lib/gcc/../../picolibc/arm-zephyr-eabi/lib/thumb/v7e-m/nofp/libc.a(libc_tinystdio_snprintf.c.o)
                0x0000000000007a80                snprintf
 .text.__l_vfprintf
                0x0000000000007ad8      0x4b8 /opt/nordic/ncs/toolchains/b8efef2ad5/opt/zephyr-sdk/arm-zephyr-eabi/bin/../lib/gcc/../../picolibc/arm-zephyr-eabi/lib/thumb/v7e-m/nofp/libc.a(libc_tinystdio_vflprintf.c.o)
                0x0000000000007ad8                __l_vfprintf
 .text._OffsetAbsSyms
                0x0000000000007f90        0x2 zephyr/CMakeFiles/offsets.dir/./arch/arm/core/offsets/offsets.c.obj
                0x0000000000007f90                _OffsetAbsSyms
 .text.z_impl_gpio_pin_configure
                0x0000000000007f92       0x50 app/libapp.a(main.c.obj)
 .text.gpio_pin_configure_dt
                0x0000000000007fe2       0x16 app/libapp.a(main.c.obj)
 .text.gpio_port_get
                0x0000000000007ff8       0x18 app/libapp.a(main.c.obj)
 .text.gpio_pin_get
                0x0000000000008010       0x20 app/libapp.a(main.c.obj)
 .text.gpio_pin_set_raw
                0x0000000000008030       0x20 app/libapp.a(main.c.obj)
 .text.gpio_pin_set
                0x0000000000008050       0x1a app/libapp.a(main.c.obj)
 .text.set_chunk_used
                0x000000000000806a       0x38 zephyr/libzephyr.a(heap.c.obj)
 .text.free_list_add_bidx
                0x00000000000080a2       0xa4 zephyr/libzephyr.a(heap.c.obj)
 .text.free_list_add
                0x0000000000008146       0x52 zephyr/libzephyr.a(heap.c.obj)
 .text.sys_heap_init
                0x0000000000008198       0xfc zephyr/libzephyr.a(heap.c.obj)
                0x0000000000008198                sys_heap_init
 .text.cbprintf_via_va_list
                0x0000000000008294        0xe zephyr/libzephyr.a(cbprintf_packaged.c.obj)
 .text.is_fmt_spec
                0x00000000000082a2        0xe zephyr/libzephyr.a(cbprintf_packaged.c.obj)
 .text.get_package_len
                0x00000000000082b0       0x2a zephyr/libzephyr.a(cbprintf_packaged.c.obj)
 .text.append_string
                0x00000000000082da       0x2c zephyr/libzephyr.a(cbprintf_packaged.c.obj)
 .text.cbpprintf_external
                0x0000000000008306       0x60 zephyr/libzephyr.a(cbprintf_packaged.c.obj)
                0x0000000000008306                cbpprintf_external
 .text.is_ptr   0x0000000000008366       0x4e zephyr/libzephyr.a(cbprintf_packaged.c.obj)
                0x0000000000008366                is_ptr
 .text.arch_printk_char_out
                0x00000000000083b4        0x4 zephyr/libzephyr.a(printk.c.obj)
                0x00000000000083b4                arch_printk_char_out
 .text.vprintk  0x00000000000083b8        0x8 zephyr/libzephyr.a(printk.c.obj)
                0x00000000000083b8                vprintk
 .text.printk   0x00000000000083c0       0x1c zephyr/libzephyr.a(printk.c.obj)
                0x00000000000083c0                printk
 .text.free_space
                0x00000000000083dc       0x28 zephyr/libzephyr.a(mpsc_pbuf.c.obj)
 .text.available
                0x0000000000008404       0x24 zephyr/libzephyr.a(mpsc_pbuf.c.obj)
 .text.get_usage
                0x0000000000008428       0x24 zephyr/libzephyr.a(mpsc_pbuf.c.obj)
 .text.max_utilization_update
                0x000000000000844c       0x26 zephyr/libzephyr.a(mpsc_pbuf.c.obj)
 .text.rd_idx_inc
                0x0000000000008472       0x26 zephyr/libzephyr.a(mpsc_pbuf.c.obj)
 .text.add_skip_item
                0x0000000000008498       0x66 zephyr/libzephyr.a(mpsc_pbuf.c.obj)
 .text.drop_item_locked
                0x00000000000084fe      0x12a zephyr/libzephyr.a(mpsc_pbuf.c.obj)
 .text.post_drop_action
                0x0000000000008628       0x62 zephyr/libzephyr.a(mpsc_pbuf.c.obj)
 .text.mpsc_pbuf_init
                0x000000000000868a       0x42 zephyr/libzephyr.a(mpsc_pbuf.c.obj)
                0x000000000000868a                mpsc_pbuf_init
 .text.mpsc_pbuf_alloc
                0x00000000000086cc      0x134 zephyr/libzephyr.a(mpsc_pbuf.c.obj)
                0x00000000000086cc                mpsc_pbuf_alloc
 .text.mpsc_pbuf_commit
                0x0000000000008800       0x50 zephyr/libzephyr.a(mpsc_pbuf.c.obj)
                0x0000000000008800                mpsc_pbuf_commit
 .text.mpsc_pbuf_claim
                0x0000000000008850       0xd0 zephyr/libzephyr.a(mpsc_pbuf.c.obj)
                0x0000000000008850                mpsc_pbuf_claim
 .text.mpsc_pbuf_free
                0x0000000000008920       0x88 zephyr/libzephyr.a(mpsc_pbuf.c.obj)
                0x0000000000008920                mpsc_pbuf_free
 .text.mpsc_pbuf_is_pending
                0x00000000000089a8       0x2c zephyr/libzephyr.a(mpsc_pbuf.c.obj)
                0x00000000000089a8                mpsc_pbuf_is_pending
 .text.set_state
                0x00000000000089d4       0x10 zephyr/libzephyr.a(onoff.c.obj)
 .text.notify_monitors
                0x00000000000089e4       0x44 zephyr/libzephyr.a(onoff.c.obj)
 .text.process_recheck
                0x0000000000008a28       0x32 zephyr/libzephyr.a(onoff.c.obj)
 .text.process_complete
                0x0000000000008a5a       0xa2 zephyr/libzephyr.a(onoff.c.obj)
 .text.validate_args
                0x0000000000008afc       0x2a zephyr/libzephyr.a(onoff.c.obj)
 .text.notify_one
                0x0000000000008b26       0x26 zephyr/libzephyr.a(onoff.c.obj)
 .text.notify_all
                0x0000000000008b4c       0x2e zephyr/libzephyr.a(onoff.c.obj)
 .text.transition_complete
                0x0000000000008b7a       0x1c zephyr/libzephyr.a(onoff.c.obj)
 .text.onoff_manager_init
                0x0000000000008b96       0x3a zephyr/libzephyr.a(onoff.c.obj)
                0x0000000000008b96                onoff_manager_init
 .text.onoff_request
                0x0000000000008bd0       0xbe zephyr/libzephyr.a(onoff.c.obj)
                0x0000000000008bd0                onoff_request
 .text.onoff_release
                0x0000000000008c8e       0x4a zephyr/libzephyr.a(onoff.c.obj)
                0x0000000000008c8e                onoff_release
 .text.sys_notify_validate
                0x0000000000008cd8       0x2e zephyr/libzephyr.a(notify.c.obj)
                0x0000000000008cd8                sys_notify_validate
 .text.sys_notify_finalize
                0x0000000000008d06       0x1a zephyr/libzephyr.a(notify.c.obj)
                0x0000000000008d06                sys_notify_finalize
 .text._ConfigAbsSyms
                0x0000000000008d20        0x2 zephyr/libzephyr.a(configs.c.obj)
                0x0000000000008d20                _ConfigAbsSyms
 .text.log_msg_generic_get_wlen
                0x0000000000008d22       0x20 zephyr/libzephyr.a(log_core.c.obj)
 .text.dummy_timestamp
                0x0000000000008d42        0x4 zephyr/libzephyr.a(log_core.c.obj)
 .text.msg_filter_check
                0x0000000000008d46        0x4 zephyr/libzephyr.a(log_core.c.obj)
 .text.default_get_timestamp
                0x0000000000008d4a        0x8 zephyr/libzephyr.a(log_core.c.obj)
 .text.k_msleep
                0x0000000000008d52       0x2c zephyr/libzephyr.a(log_core.c.obj)
 .text.msg_alloc
                0x0000000000008d7e        0xc zephyr/libzephyr.a(log_core.c.obj)
 .text.msg_free
                0x0000000000008d8a        0x8 zephyr/libzephyr.a(log_core.c.obj)
 .text.msg_pending
                0x0000000000008d92        0x8 zephyr/libzephyr.a(log_core.c.obj)
 .text.z_log_vprintk
                0x0000000000008d9a       0x1e zephyr/libzephyr.a(log_core.c.obj)
                0x0000000000008d9a                z_log_vprintk
 .text.z_log_notify_drop
                0x0000000000008db8        0xa zephyr/libzephyr.a(log_core.c.obj)
 .text.z_log_msg_claim
                0x0000000000008dc2        0x8 zephyr/libzephyr.a(log_core.c.obj)
                0x0000000000008dc2                z_log_msg_claim
 .text.msg_commit
                0x0000000000008dca        0xc zephyr/libzephyr.a(log_core.c.obj)
 .text.z_log_get_tag
                0x0000000000008dd6        0x4 zephyr/libzephyr.a(log_core.c.obj)
                0x0000000000008dd6                z_log_get_tag
 .text.z_cbprintf_cpy
                0x0000000000008dda       0x2c zephyr/libzephyr.a(log_msg.c.obj)
 .text.z_log_msg_finalize
                0x0000000000008e06       0x2e zephyr/libzephyr.a(log_msg.c.obj)
                0x0000000000008e06                z_log_msg_finalize
 .text.z_log_msg_simple_create
                0x0000000000008e34       0x62 zephyr/libzephyr.a(log_msg.c.obj)
 .text.z_impl_z_log_msg_simple_create_0
                0x0000000000008e96       0x14 zephyr/libzephyr.a(log_msg.c.obj)
                0x0000000000008e96                z_impl_z_log_msg_simple_create_0
 .text.z_impl_z_log_msg_simple_create_1
                0x0000000000008eaa       0x16 zephyr/libzephyr.a(log_msg.c.obj)
                0x0000000000008eaa                z_impl_z_log_msg_simple_create_1
 .text.z_impl_z_log_msg_simple_create_2
                0x0000000000008ec0       0x1a zephyr/libzephyr.a(log_msg.c.obj)
                0x0000000000008ec0                z_impl_z_log_msg_simple_create_2
 .text.z_log_msg_static_create
                0x0000000000008eda        0x8 zephyr/libzephyr.a(log_msg.c.obj)
 .text.log_output_flush
                0x0000000000008ee2       0x2e zephyr/libzephyr.a(log_output.c.obj)
 .text.out_func
                0x0000000000008f10       0x38 zephyr/libzephyr.a(log_output.c.obj)
 .text.cr_out_func
                0x0000000000008f48       0x1e zephyr/libzephyr.a(log_output.c.obj)
 .text.color_prefix
                0x0000000000008f66        0xc zephyr/libzephyr.a(log_output.c.obj)
 .text.color_postfix
                0x0000000000008f72        0xc zephyr/libzephyr.a(log_output.c.obj)
 .text.postfix_print
                0x0000000000008f7e       0x18 zephyr/libzephyr.a(log_output.c.obj)
 .text.log_msg_hexdump
                0x0000000000008f96       0x36 zephyr/libzephyr.a(log_output.c.obj)
 .text.log_output_msg_process
                0x0000000000008fcc       0x66 zephyr/libzephyr.a(log_output.c.obj)
                0x0000000000008fcc                log_output_msg_process
 .text.log_output_flush
                0x0000000000009032       0x2e zephyr/libzephyr.a(log_backend_rtt.c.obj)
 .text.k_msleep
                0x0000000000009060       0x2c zephyr/libzephyr.a(log_backend_rtt.c.obj)
 .text.abort_function
                0x000000000000908c        0x2 zephyr/libzephyr.a(nrf_cc3xx_platform_abort_zephyr.c.obj)
 .text.z_do_kernel_oops
                0x000000000000908e        0xc zephyr/arch/arch/arm/core/libarch__arm__core.a(fatal.c.obj)
                0x000000000000908e                z_do_kernel_oops
 .text.z_arm_nmi
                0x000000000000909a        0xc zephyr/arch/arch/arm/core/libarch__arm__core.a(nmi.c.obj)
                0x000000000000909a                z_arm_nmi
 .text.memory_fault_recoverable
                0x00000000000090a6        0x4 zephyr/arch/arch/arm/core/cortex_m/libarch__arm__core__cortex_m.a(fault.c.obj)
 .text.fault_handle
                0x00000000000090aa       0x4a zephyr/arch/arch/arm/core/cortex_m/libarch__arm__core__cortex_m.a(fault.c.obj)
 .text.arch_irq_enable
                0x00000000000090f4        0xa zephyr/arch/arch/arm/core/cortex_m/libarch__arm__core__cortex_m.a(irq_manage.c.obj)
                0x00000000000090f4                arch_irq_enable
 .text.arch_irq_disable
                0x00000000000090fe        0xa zephyr/arch/arch/arm/core/cortex_m/libarch__arm__core__cortex_m.a(irq_manage.c.obj)
                0x00000000000090fe                arch_irq_disable
 .text.z_arm_irq_priority_set
                0x0000000000009108        0xc zephyr/arch/arch/arm/core/cortex_m/libarch__arm__core__cortex_m.a(irq_manage.c.obj)
                0x0000000000009108                z_arm_irq_priority_set
 .text.z_irq_spurious
                0x0000000000009114        0xc zephyr/arch/arch/arm/core/cortex_m/libarch__arm__core__cortex_m.a(irq_manage.c.obj)
                0x0000000000009114                z_irq_spurious
 .text.arch_irq_unlock_outlined
                0x0000000000009120        0xe zephyr/arch/arch/arm/core/cortex_m/libarch__arm__core__cortex_m.a(thread.c.obj)
                0x0000000000009120                arch_irq_unlock_outlined
 .text.arch_cpu_idle
                0x000000000000912e       0x1a zephyr/arch/arch/arm/core/cortex_m/libarch__arm__core__cortex_m.a(cpu_idle.c.obj)
                0x000000000000912e                arch_cpu_idle
 .text.arch_cpu_atomic_idle
                0x0000000000009148       0x1e zephyr/arch/arch/arm/core/cortex_m/libarch__arm__core__cortex_m.a(cpu_idle.c.obj)
                0x0000000000009148                arch_cpu_atomic_idle
 .text.mpu_partition_is_valid
                0x0000000000009166       0x22 zephyr/arch/arch/arm/core/mpu/libarch__arm__core__mpu.a(arm_mpu.c.obj)
 .text.mpu_configure_region
                0x0000000000009188       0x3e zephyr/arch/arch/arm/core/mpu/libarch__arm__core__mpu.a(arm_mpu.c.obj)
 .text.mpu_configure_regions_from_dt
                0x00000000000091c6      0x1b0 zephyr/arch/arch/arm/core/mpu/libarch__arm__core__mpu.a(arm_mpu.c.obj)
 .text.arm_core_mpu_configure_static_mpu_regions
                0x0000000000009376        0x8 zephyr/arch/arch/arm/core/mpu/libarch__arm__core__mpu.a(arm_mpu.c.obj)
                0x0000000000009376                arm_core_mpu_configure_static_mpu_regions
 .text.arm_core_mpu_configure_dynamic_mpu_regions
                0x000000000000937e        0x8 zephyr/arch/arch/arm/core/mpu/libarch__arm__core__mpu.a(arm_mpu.c.obj)
                0x000000000000937e                arm_core_mpu_configure_dynamic_mpu_regions
 .text.cbputc   0x0000000000009386        0xc zephyr/lib/libc/picolibc/liblib__libc__picolibc.a(cbprintf.c.obj)
 .text.picolibc_put
                0x0000000000009392        0xa zephyr/lib/libc/picolibc/liblib__libc__picolibc.a(stdio.c.obj)
 .text.nrf_saadc_channel_init
                0x000000000000939c       0x68 zephyr/drivers/adc/libdrivers__adc.a(adc_nrfx_saadc.c.obj)
 .text.pm_device_driver_init
                0x0000000000009404       0x24 zephyr/drivers/adc/libdrivers__adc.a(adc_nrfx_saadc.c.obj)
 .text.samples_to_bytes
                0x0000000000009428        0x4 zephyr/drivers/adc/libdrivers__adc.a(adc_nrfx_saadc.c.obj)
 .text.adc_convert_acq_time
                0x000000000000942c       0x8a zephyr/drivers/adc/libdrivers__adc.a(adc_nrfx_saadc.c.obj)
 .text.adc_context_request_next_sampling
                0x00000000000094b6       0x28 zephyr/drivers/adc/libdrivers__adc.a(adc_nrfx_saadc.c.obj)
 .text.adc_context_on_timer_expired
                0x00000000000094de        0xa zephyr/drivers/adc/libdrivers__adc.a(adc_nrfx_saadc.c.obj)
 .text.adc_context_lock
                0x00000000000094e8       0x12 zephyr/drivers/adc/libdrivers__adc.a(adc_nrfx_saadc.c.obj)
 .text.adc_context_wait_for_completion
                0x00000000000094fa       0x1a zephyr/drivers/adc/libdrivers__adc.a(adc_nrfx_saadc.c.obj)
 .text.adc_context_start_read
                0x0000000000009514       0x5e zephyr/drivers/adc/libdrivers__adc.a(adc_nrfx_saadc.c.obj)
 .text.adc_context_unlock_unconditionally
                0x0000000000009572       0x10 zephyr/drivers/adc/libdrivers__adc.a(adc_nrfx_saadc.c.obj)
 .text.adc_context_on_sampling_done
                0x0000000000009582       0x96 zephyr/drivers/adc/libdrivers__adc.a(adc_nrfx_saadc.c.obj)
 .text.nrf_clock_is_running
                0x0000000000009618       0x38 zephyr/drivers/clock_control/libdrivers__clock_control.a(clock_control_nrf.c.obj)
 .text.get_sub_data
                0x0000000000009650        0xe zephyr/drivers/clock_control/libdrivers__clock_control.a(clock_control_nrf.c.obj)
 .text.get_sub_config
                0x000000000000965e        0xc zephyr/drivers/clock_control/libdrivers__clock_control.a(clock_control_nrf.c.obj)
 .text.get_onoff_manager
                0x000000000000966a        0xc zephyr/drivers/clock_control/libdrivers__clock_control.a(clock_control_nrf.c.obj)
 .text.get_status
                0x0000000000009676       0x10 zephyr/drivers/clock_control/libdrivers__clock_control.a(clock_control_nrf.c.obj)
 .text.set_off_state
                0x0000000000009686       0x30 zephyr/drivers/clock_control/libdrivers__clock_control.a(clock_control_nrf.c.obj)
 .text.set_starting_state
                0x00000000000096b6       0x3a zephyr/drivers/clock_control/libdrivers__clock_control.a(clock_control_nrf.c.obj)
 .text.set_on_state
                0x00000000000096f0       0x24 zephyr/drivers/clock_control/libdrivers__clock_control.a(clock_control_nrf.c.obj)
 .text.clkstarted_handle
                0x0000000000009714       0x24 zephyr/drivers/clock_control/libdrivers__clock_control.a(clock_control_nrf.c.obj)
 .text.stop     0x0000000000009738       0x2a zephyr/drivers/clock_control/libdrivers__clock_control.a(clock_control_nrf.c.obj)
 .text.api_stop
                0x0000000000009762        0xa zephyr/drivers/clock_control/libdrivers__clock_control.a(clock_control_nrf.c.obj)
 .text.async_start
                0x000000000000976c       0x38 zephyr/drivers/clock_control/libdrivers__clock_control.a(clock_control_nrf.c.obj)
 .text.api_start
                0x00000000000097a4       0x10 zephyr/drivers/clock_control/libdrivers__clock_control.a(clock_control_nrf.c.obj)
 .text.onoff_started_callback
                0x00000000000097b4       0x10 zephyr/drivers/clock_control/libdrivers__clock_control.a(clock_control_nrf.c.obj)
 .text.hfclk_start
                0x00000000000097c4        0xa zephyr/drivers/clock_control/libdrivers__clock_control.a(clock_control_nrf.c.obj)
 .text.lfclk_start
                0x00000000000097ce        0xa zephyr/drivers/clock_control/libdrivers__clock_control.a(clock_control_nrf.c.obj)
 .text.hfclk_stop
                0x00000000000097d8        0xa zephyr/drivers/clock_control/libdrivers__clock_control.a(clock_control_nrf.c.obj)
 .text.lfclk_stop
                0x00000000000097e2        0xa zephyr/drivers/clock_control/libdrivers__clock_control.a(clock_control_nrf.c.obj)
 .text.k_msleep
                0x00000000000097ec       0x2c zephyr/drivers/clock_control/libdrivers__clock_control.a(clock_control_nrf.c.obj)
 .text.blocking_start_callback
                0x0000000000009818        0xa zephyr/drivers/clock_control/libdrivers__clock_control.a(clock_control_nrf.c.obj)
 .text.k_msleep
                0x0000000000009822       0x2c zephyr/drivers/console/libdrivers__console.a(rtt_console.c.obj)
 .text.wait     0x000000000000984e       0x12 zephyr/drivers/console/libdrivers__console.a(rtt_console.c.obj)
 .text.sys_slist_remove
                0x0000000000009860       0x26 zephyr/drivers/gpio/libdrivers__gpio.a(gpio_nrfx.c.obj)
 .text.sys_slist_find_and_remove
                0x0000000000009886       0x20 zephyr/drivers/gpio/libdrivers__gpio.a(gpio_nrfx.c.obj)
 .text.gpio_manage_callback
                0x00000000000098a6       0x3e zephyr/drivers/gpio/libdrivers__gpio.a(gpio_nrfx.c.obj)
 .text.gpio_fire_callbacks
                0x00000000000098e4       0x40 zephyr/drivers/gpio/libdrivers__gpio.a(gpio_nrfx.c.obj)
 .text.has_gpiote
                0x0000000000009924        0xa zephyr/drivers/gpio/libdrivers__gpio.a(gpio_nrfx.c.obj)
 .text.get_pull
                0x000000000000992e       0x18 zephyr/drivers/gpio/libdrivers__gpio.a(gpio_nrfx.c.obj)
 .text.gpio_nrfx_gpd_retain_set
                0x0000000000009946        0x4 zephyr/drivers/gpio/libdrivers__gpio.a(gpio_nrfx.c.obj)
 .text.gpio_nrfx_gpd_retain_clear
                0x000000000000994a        0x4 zephyr/drivers/gpio/libdrivers__gpio.a(gpio_nrfx.c.obj)
 .text.gpio_nrfx_port_get_raw
                0x000000000000994e        0xe zephyr/drivers/gpio/libdrivers__gpio.a(gpio_nrfx.c.obj)
 .text.gpio_nrfx_port_set_masked_raw
                0x000000000000995c       0x34 zephyr/drivers/gpio/libdrivers__gpio.a(gpio_nrfx.c.obj)
 .text.gpio_nrfx_port_set_bits_raw
                0x0000000000009990       0x24 zephyr/drivers/gpio/libdrivers__gpio.a(gpio_nrfx.c.obj)
 .text.gpio_nrfx_port_clear_bits_raw
                0x00000000000099b4       0x24 zephyr/drivers/gpio/libdrivers__gpio.a(gpio_nrfx.c.obj)
 .text.gpio_nrfx_port_toggle_bits
                0x00000000000099d8       0x36 zephyr/drivers/gpio/libdrivers__gpio.a(gpio_nrfx.c.obj)
 .text.get_trigger
                0x0000000000009a0e       0x2c zephyr/drivers/gpio/libdrivers__gpio.a(gpio_nrfx.c.obj)
 .text.gpio_nrfx_manage_callback
                0x0000000000009a3a        0xc zephyr/drivers/gpio/libdrivers__gpio.a(gpio_nrfx.c.obj)
 .text.nrfx_gpio_handler
                0x0000000000009a46       0x1e zephyr/drivers/gpio/libdrivers__gpio.a(gpio_nrfx.c.obj)
 .text.pinctrl_lookup_state
                0x0000000000009a64       0x32 zephyr/drivers/pinctrl/libdrivers__pinctrl.a(common.c.obj)
                0x0000000000009a64                pinctrl_lookup_state
 .text.nrf_gpio_pin_write
                0x0000000000009a96       0x10 zephyr/drivers/pinctrl/libdrivers__pinctrl.a(pinctrl_nrf.c.obj)
 .text.z_impl_gpio_pin_configure
                0x0000000000009aa6       0x50 zephyr/drivers/spi/libdrivers__spi.a(spi_nrfx_spim.c.obj)
 .text.gpio_pin_configure_dt
                0x0000000000009af6       0x16 zephyr/drivers/spi/libdrivers__spi.a(spi_nrfx_spim.c.obj)
 .text.gpio_pin_set_raw
                0x0000000000009b0c       0x20 zephyr/drivers/spi/libdrivers__spi.a(spi_nrfx_spim.c.obj)
 .text.gpio_pin_set
                0x0000000000009b2c       0x1a zephyr/drivers/spi/libdrivers__spi.a(spi_nrfx_spim.c.obj)
 .text.pm_device_driver_init
                0x0000000000009b46       0x24 zephyr/drivers/spi/libdrivers__spi.a(spi_nrfx_spim.c.obj)
 .text.nrf_gpio_pin_write
                0x0000000000009b6a       0x10 zephyr/drivers/spi/libdrivers__spi.a(spi_nrfx_spim.c.obj)
 .text.spi_context_get_next_buf
                0x0000000000009b7a       0x2e zephyr/drivers/spi/libdrivers__spi.a(spi_nrfx_spim.c.obj)
 .text.spi_context_buffers_setup
                0x0000000000009ba8       0x60 zephyr/drivers/spi/libdrivers__spi.a(spi_nrfx_spim.c.obj)
 .text._spi_context_cs_control
                0x0000000000009c08       0x40 zephyr/drivers/spi/libdrivers__spi.a(spi_nrfx_spim.c.obj)
 .text.finalize_spi_transaction
                0x0000000000009c48       0x12 zephyr/drivers/spi/libdrivers__spi.a(spi_nrfx_spim.c.obj)
 .text.spi_context_unlock_unconditionally
                0x0000000000009c5a       0x1e zephyr/drivers/spi/libdrivers__spi.a(spi_nrfx_spim.c.obj)
 .text.spi_nrfx_release
                0x0000000000009c78       0x2e zephyr/drivers/spi/libdrivers__spi.a(spi_nrfx_spim.c.obj)
 .text.finish_transaction
                0x0000000000009ca6       0x20 zephyr/drivers/spi/libdrivers__spi.a(spi_nrfx_spim.c.obj)
 .text.spi_context_release
                0x0000000000009cc6       0x1a zephyr/drivers/spi/libdrivers__spi.a(spi_nrfx_spim.c.obj)
 .text.spi_context_lock
                0x0000000000009ce0       0x3e zephyr/drivers/spi/libdrivers__spi.a(spi_nrfx_spim.c.obj)
 .text.spi_nrfx_transceive
                0x0000000000009d1e       0x14 zephyr/drivers/spi/libdrivers__spi.a(spi_nrfx_spim.c.obj)
 .text.irq_connect0
                0x0000000000009d32        0xe zephyr/drivers/spi/libdrivers__spi.a(spi_nrfx_spim.c.obj)
 .text.pinctrl_apply_state
                0x0000000000009d40       0x20 zephyr/drivers/spi/libdrivers__spi.a(spi_nrfx_spim.c.obj)
 .text.spim_resume
                0x0000000000009d60       0x10 zephyr/drivers/spi/libdrivers__spi.a(spi_nrfx_spim.c.obj)
 .text.spim_nrfx_pm_action
                0x0000000000009d70       0x12 zephyr/drivers/spi/libdrivers__spi.a(spi_nrfx_spim.c.obj)
 .text.nrf_gpio_cfg_input
                0x0000000000009d82       0x18 zephyr/drivers/spi/libdrivers__spi.a(spi_nrfx_common.c.obj)
 .text.spi_nrfx_wake_request
                0x0000000000009d9a       0x50 zephyr/drivers/spi/libdrivers__spi.a(spi_nrfx_common.c.obj)
                0x0000000000009d9a                spi_nrfx_wake_request
 .text.__nrfy_internal_rtc_event_handle
                0x0000000000009dea       0x3a zephyr/drivers/timer/libdrivers__timer.a(nrf_rtc_timer.c.obj)
 .text.__nrfy_internal_rtc_events_process
                0x0000000000009e24       0x6c zephyr/drivers/timer/libdrivers__timer.a(nrf_rtc_timer.c.obj)
 .text.counter_sub
                0x0000000000009e90        0x8 zephyr/drivers/timer/libdrivers__timer.a(nrf_rtc_timer.c.obj)
 .text.event_check
                0x0000000000009e98       0x1a zephyr/drivers/timer/libdrivers__timer.a(nrf_rtc_timer.c.obj)
 .text.event_clear
                0x0000000000009eb2       0x18 zephyr/drivers/timer/libdrivers__timer.a(nrf_rtc_timer.c.obj)
 .text.absolute_time_to_cc
                0x0000000000009eca        0x6 zephyr/drivers/timer/libdrivers__timer.a(nrf_rtc_timer.c.obj)
 .text.full_int_lock
                0x0000000000009ed0       0x10 zephyr/drivers/timer/libdrivers__timer.a(nrf_rtc_timer.c.obj)
 .text.full_int_unlock
                0x0000000000009ee0        0xa zephyr/drivers/timer/libdrivers__timer.a(nrf_rtc_timer.c.obj)
 .text.compare_set
                0x0000000000009eea       0x38 zephyr/drivers/timer/libdrivers__timer.a(nrf_rtc_timer.c.obj)
 .text.sys_clock_cycle_get_32
                0x0000000000009f22        0x8 zephyr/drivers/timer/libdrivers__timer.a(nrf_rtc_timer.c.obj)
                0x0000000000009f22                sys_clock_cycle_get_32
 .text.hw_cc3xx_init_internal
                0x0000000000009f2a        0x8 modules/nrf/drivers/hw_cc3xx/lib..__nrf__drivers__hw_cc3xx.a(hw_cc3xx.c.obj)
 .text.hw_cc3xx_init
                0x0000000000009f32       0x10 modules/nrf/drivers/hw_cc3xx/lib..__nrf__drivers__hw_cc3xx.a(hw_cc3xx.c.obj)
 .text.nrf52_errata_36
                0x0000000000009f42       0x14 modules/hal_nordic/modules/hal_nordic/nrfx/libmodules__hal_nordic__nrfx.a(system_nrf52840.c.obj)
 .text.nrf52_errata_66
                0x0000000000009f56       0x14 modules/hal_nordic/modules/hal_nordic/nrfx/libmodules__hal_nordic__nrfx.a(system_nrf52840.c.obj)
 .text.nrf52_errata_98
                0x0000000000009f6a       0x26 modules/hal_nordic/modules/hal_nordic/nrfx/libmodules__hal_nordic__nrfx.a(system_nrf52840.c.obj)
 .text.nrf52_errata_103
                0x0000000000009f90       0x26 modules/hal_nordic/modules/hal_nordic/nrfx/libmodules__hal_nordic__nrfx.a(system_nrf52840.c.obj)
 .text.nrf52_errata_115
                0x0000000000009fb6       0x26 modules/hal_nordic/modules/hal_nordic/nrfx/libmodules__hal_nordic__nrfx.a(system_nrf52840.c.obj)
 .text.nrf52_errata_120
                0x0000000000009fdc       0x26 modules/hal_nordic/modules/hal_nordic/nrfx/libmodules__hal_nordic__nrfx.a(system_nrf52840.c.obj)
 .text.nrf52_errata_136
                0x000000000000a002       0x14 modules/hal_nordic/modules/hal_nordic/nrfx/libmodules__hal_nordic__nrfx.a(system_nrf52840.c.obj)
 .text.nrf52_configuration_249
                0x000000000000a016       0x20 modules/hal_nordic/modules/hal_nordic/nrfx/libmodules__hal_nordic__nrfx.a(system_nrf52840.c.obj)
 .text.nrf52_handle_approtect
                0x000000000000a036       0x1a modules/hal_nordic/modules/hal_nordic/nrfx/libmodules__hal_nordic__nrfx.a(system_nrf52840.c.obj)
 .text.nrfx_isr
                0x000000000000a050        0x6 modules/hal_nordic/modules/hal_nordic/nrfx/libmodules__hal_nordic__nrfx.a(nrfx_glue.c.obj)
                0x000000000000a050                nrfx_isr
 .text.nrfx_busy_wait
                0x000000000000a056        0x8 modules/hal_nordic/modules/hal_nordic/nrfx/libmodules__hal_nordic__nrfx.a(nrfx_glue.c.obj)
                0x000000000000a056                nrfx_busy_wait
 .text.nrf_clock_is_running
                0x000000000000a05e       0x38 modules/hal_nordic/modules/hal_nordic/nrfx/libmodules__hal_nordic__nrfx.a(nrfx_clock.c.obj)
 .text.clock_initial_lfclksrc_get
                0x000000000000a096        0x4 modules/hal_nordic/modules/hal_nordic/nrfx/libmodules__hal_nordic__nrfx.a(nrfx_clock.c.obj)
 .text.nrfx_power_clock_irq_init
                0x000000000000a09a       0x12 modules/hal_nordic/modules/hal_nordic/nrfx/libmodules__hal_nordic__nrfx.a(nrfx_clock.c.obj)
 .text.clock_lfclksrc_tweak
                0x000000000000a0ac       0x2c modules/hal_nordic/modules/hal_nordic/nrfx/libmodules__hal_nordic__nrfx.a(nrfx_clock.c.obj)
 .text.nrfx_clock_stop
                0x000000000000a0d8        0x8 modules/hal_nordic/modules/hal_nordic/nrfx/libmodules__hal_nordic__nrfx.a(nrfx_clock.c.obj)
                0x000000000000a0d8                nrfx_clock_stop
 .text.nrf_gpiote_event_configure
                0x000000000000a0e0       0x32 modules/hal_nordic/modules/hal_nordic/nrfx/libmodules__hal_nordic__nrfx.a(nrfx_gpiote.c.obj)
 .text.nrf_gpiote_task_configure
                0x000000000000a112       0x3e modules/hal_nordic/modules/hal_nordic/nrfx/libmodules__hal_nordic__nrfx.a(nrfx_gpiote.c.obj)
 .text.__nrfy_internal_gpiote_event_handle
                0x000000000000a150       0x3a modules/hal_nordic/modules/hal_nordic/nrfx/libmodules__hal_nordic__nrfx.a(nrfx_gpiote.c.obj)
 .text.__nrfy_internal_gpiote_events_process
                0x000000000000a18a       0x3c modules/hal_nordic/modules/hal_nordic/nrfx/libmodules__hal_nordic__nrfx.a(nrfx_gpiote.c.obj)
 .text.nrf_gpio_cfg_default
                0x000000000000a1c6       0x18 modules/hal_nordic/modules/hal_nordic/nrfx/libmodules__hal_nordic__nrfx.a(nrfx_gpiote.c.obj)
 .text.nrf_gpio_cfg_sense_set
                0x000000000000a1de       0x20 modules/hal_nordic/modules/hal_nordic/nrfx/libmodules__hal_nordic__nrfx.a(nrfx_gpiote.c.obj)
 .text.pin_in_use
                0x000000000000a1fe       0x1e modules/hal_nordic/modules/hal_nordic/nrfx/libmodules__hal_nordic__nrfx.a(nrfx_gpiote.c.obj)
 .text.pin_in_use_by_te
                0x000000000000a21c       0x1e modules/hal_nordic/modules/hal_nordic/nrfx/libmodules__hal_nordic__nrfx.a(nrfx_gpiote.c.obj)
 .text.pin_has_trigger
                0x000000000000a23a       0x22 modules/hal_nordic/modules/hal_nordic/nrfx/libmodules__hal_nordic__nrfx.a(nrfx_gpiote.c.obj)
 .text.pin_is_output
                0x000000000000a25c       0x1e modules/hal_nordic/modules/hal_nordic/nrfx/libmodules__hal_nordic__nrfx.a(nrfx_gpiote.c.obj)
 .text.pin_is_task_output
                0x000000000000a27a       0x22 modules/hal_nordic/modules/hal_nordic/nrfx/libmodules__hal_nordic__nrfx.a(nrfx_gpiote.c.obj)
 .text.pin_is_input
                0x000000000000a29c        0xe modules/hal_nordic/modules/hal_nordic/nrfx/libmodules__hal_nordic__nrfx.a(nrfx_gpiote.c.obj)
 .text.gpiote_polarity_to_trigger
                0x000000000000a2aa        0x2 modules/hal_nordic/modules/hal_nordic/nrfx/libmodules__hal_nordic__nrfx.a(nrfx_gpiote.c.obj)
 .text.gpiote_trigger_to_polarity
                0x000000000000a2ac        0x2 modules/hal_nordic/modules/hal_nordic/nrfx/libmodules__hal_nordic__nrfx.a(nrfx_gpiote.c.obj)
 .text.pin_te_get
                0x000000000000a2ae       0x1c modules/hal_nordic/modules/hal_nordic/nrfx/libmodules__hal_nordic__nrfx.a(nrfx_gpiote.c.obj)
 .text.is_level
                0x000000000000a2ca        0xa modules/hal_nordic/modules/hal_nordic/nrfx/libmodules__hal_nordic__nrfx.a(nrfx_gpiote.c.obj)
 .text.handler_in_use
                0x000000000000a2d4       0x3a modules/hal_nordic/modules/hal_nordic/nrfx/libmodules__hal_nordic__nrfx.a(nrfx_gpiote.c.obj)
 .text.pin_trigger_disable
                0x000000000000a30e       0x46 modules/hal_nordic/modules/hal_nordic/nrfx/libmodules__hal_nordic__nrfx.a(nrfx_gpiote.c.obj)
 .text.pin_in_event_get
                0x000000000000a354       0x24 modules/hal_nordic/modules/hal_nordic/nrfx/libmodules__hal_nordic__nrfx.a(nrfx_gpiote.c.obj)
 .text.find_handler
                0x000000000000a378       0x34 modules/hal_nordic/modules/hal_nordic/nrfx/libmodules__hal_nordic__nrfx.a(nrfx_gpiote.c.obj)
 .text.get_initial_sense
                0x000000000000a3ac       0x3c modules/hal_nordic/modules/hal_nordic/nrfx/libmodules__hal_nordic__nrfx.a(nrfx_gpiote.c.obj)
 .text.channel_handler_get
                0x000000000000a3e8       0x24 modules/hal_nordic/modules/hal_nordic/nrfx/libmodules__hal_nordic__nrfx.a(nrfx_gpiote.c.obj)
 .text.gpiote_global_callback_set
                0x000000000000a40c       0x1a modules/hal_nordic/modules/hal_nordic/nrfx/libmodules__hal_nordic__nrfx.a(nrfx_gpiote.c.obj)
 .text.gpiote_init_check
                0x000000000000a426       0x14 modules/hal_nordic/modules/hal_nordic/nrfx/libmodules__hal_nordic__nrfx.a(nrfx_gpiote.c.obj)
 .text.pin_trigger_enable
                0x000000000000a43a       0x78 modules/hal_nordic/modules/hal_nordic/nrfx/libmodules__hal_nordic__nrfx.a(nrfx_gpiote.c.obj)
 .text.call_handler
                0x000000000000a4b2       0x26 modules/hal_nordic/modules/hal_nordic/nrfx/libmodules__hal_nordic__nrfx.a(nrfx_gpiote.c.obj)
 .text.next_sense_cond_call_handler
                0x000000000000a4d8       0x6c modules/hal_nordic/modules/hal_nordic/nrfx/libmodules__hal_nordic__nrfx.a(nrfx_gpiote.c.obj)
 .text.pin_channel_alloc
                0x000000000000a544       0x14 modules/hal_nordic/modules/hal_nordic/nrfx/libmodules__hal_nordic__nrfx.a(nrfx_gpiote.c.obj)
 .text.release_handler
                0x000000000000a558       0x56 modules/hal_nordic/modules/hal_nordic/nrfx/libmodules__hal_nordic__nrfx.a(nrfx_gpiote.c.obj)
 .text.pin_handler_trigger_uninit
                0x000000000000a5ae       0x40 modules/hal_nordic/modules/hal_nordic/nrfx/libmodules__hal_nordic__nrfx.a(nrfx_gpiote.c.obj)
 .text.pin_channel_free
                0x000000000000a5ee       0x14 modules/hal_nordic/modules/hal_nordic/nrfx/libmodules__hal_nordic__nrfx.a(nrfx_gpiote.c.obj)
 .text.nrfy_gpiote_int_init
                0x000000000000a602       0x54 modules/hal_nordic/modules/hal_nordic/nrfx/libmodules__hal_nordic__nrfx.a(nrfx_gpiote.c.obj)
 .text.gpiote_evt_handle
                0x000000000000a656       0x42 modules/hal_nordic/modules/hal_nordic/nrfx/libmodules__hal_nordic__nrfx.a(nrfx_gpiote.c.obj)
 .text.irq_handler
                0x000000000000a698       0x34 modules/hal_nordic/modules/hal_nordic/nrfx/libmodules__hal_nordic__nrfx.a(nrfx_gpiote.c.obj)
 .text.nrfx_gpiote_input_configure
                0x000000000000a6cc        0x8 modules/hal_nordic/modules/hal_nordic/nrfx/libmodules__hal_nordic__nrfx.a(nrfx_gpiote.c.obj)
                0x000000000000a6cc                nrfx_gpiote_input_configure
 .text.nrfx_gpiote_output_configure
                0x000000000000a6d4        0x8 modules/hal_nordic/modules/hal_nordic/nrfx/libmodules__hal_nordic__nrfx.a(nrfx_gpiote.c.obj)
                0x000000000000a6d4                nrfx_gpiote_output_configure
 .text.nrfx_gpiote_global_callback_set
                0x000000000000a6dc        0x8 modules/hal_nordic/modules/hal_nordic/nrfx/libmodules__hal_nordic__nrfx.a(nrfx_gpiote.c.obj)
                0x000000000000a6dc                nrfx_gpiote_global_callback_set
 .text.nrfx_gpiote_channel_get
                0x000000000000a6e4        0x8 modules/hal_nordic/modules/hal_nordic/nrfx/libmodules__hal_nordic__nrfx.a(nrfx_gpiote.c.obj)
                0x000000000000a6e4                nrfx_gpiote_channel_get
 .text.nrfx_gpiote_init
                0x000000000000a6ec        0x8 modules/hal_nordic/modules/hal_nordic/nrfx/libmodules__hal_nordic__nrfx.a(nrfx_gpiote.c.obj)
                0x000000000000a6ec                nrfx_gpiote_init
 .text.nrfx_gpiote_init_check
                0x000000000000a6f4        0x8 modules/hal_nordic/modules/hal_nordic/nrfx/libmodules__hal_nordic__nrfx.a(nrfx_gpiote.c.obj)
                0x000000000000a6f4                nrfx_gpiote_init_check
 .text.nrfx_gpiote_pin_uninit
                0x000000000000a6fc        0x8 modules/hal_nordic/modules/hal_nordic/nrfx/libmodules__hal_nordic__nrfx.a(nrfx_gpiote.c.obj)
                0x000000000000a6fc                nrfx_gpiote_pin_uninit
 .text.nrfx_gpiote_channel_free